83.134.35.192 - root [23/Aug/2016:20:07:53 +0000] "GET /bind8/edit_text.cgi?zone=wt5mc.ephec-ti.be&view=any HTTP/1.1" 200 4319 "http://webmin.wt5mc.ephec-ti.be/bind8/edit_master.cgi?zone=wt5mc.ephec-ti.be" "Mozilla/5.0 (X11; Fedora; Linux x86_64) AppleWebKit/537.36 (KHTML, like Gecko) Chrome/52.0.2743.116 Safari/537.36"
62.235.172.132 - root [23/Aug/2016:20:08:53 +0000] "GET /bind8/ HTTP/1.1" 200 10490 "-" "Mozilla/5.0 (Windows NT 10.0; WOW64) AppleWebKit/537.36 (KHTML, like Gecko) Chrome/52.0.2743.116 Safari/537.36"
62.235.172.132 - root [23/Aug/2016:20:08:55 +0000] "GET /bind8/edit_master.cgi?zone=wt5mc.ephec-ti.be HTTP/1.1" 200 10671 "http://webmin.wt5mc.ephec-ti.be/bind8/" "Mozilla/5.0 (Windows NT 10.0; WOW64) AppleWebKit/537.36 (KHTML, like Gecko) Chrome/52.0.2743.116 Safari/537.36"
62.235.172.132 - root [23/Aug/2016:20:08:58 +0000] "GET /bind8/edit_recs.cgi?zone=wt5mc.ephec-ti.be&view=any&type=MX HTTP/1.1" 200 9168 "http://webmin.wt5mc.ephec-ti.be/bind8/edit_master.cgi?zone=wt5mc.ephec-ti.be" "Mozilla/5.0 (Windows NT 10.0; WOW64) AppleWebKit/537.36 (KHTML, like Gecko) Chrome/52.0.2743.116 Safari/537.36"
83.134.35.192 - root [23/Aug/2016:20:12:24 +0000] "GET /index.cgi/?xhr-info=1 HTTP/1.1" 200 7653 "http://webmin.wt5mc.ephec-ti.be/" "Mozilla/5.0 (X11; Fedora; Linux x86_64) AppleWebKit/537.36 (KHTML, like Gecko) Chrome/52.0.2743.116 Safari/537.36"
83.134.35.192 - root [23/Aug/2016:20:12:44 +0000] "GET /bind8/edit_recs.cgi?zone=wt5mc.ephec-ti.be&view=any&type=A HTTP/1.1" 200 12474 "http://webmin.wt5mc.ephec-ti.be/bind8/edit_master.cgi?zone=wt5mc.ephec-ti.be" "Mozilla/5.0 (X11; Fedora; Linux x86_64) AppleWebKit/537.36 (KHTML, like Gecko) Chrome/52.0.2743.116 Safari/537.36"
83.134.35.192 - root [23/Aug/2016:20:12:53 +0000] "GET /bind8/edit_recs.cgi?zone=wt5mc.ephec-ti.be&view=any&type=NS HTTP/1.1" 200 8680 "http://webmin.wt5mc.ephec-ti.be/bind8/edit_master.cgi?zone=wt5mc.ephec-ti.be" "Mozilla/5.0 (X11; Fedora; Linux x86_64) AppleWebKit/537.36 (KHTML, like Gecko) Chrome/52.0.2743.116 Safari/537.36"
83.134.35.192 - root [23/Aug/2016:20:12:57 +0000] "GET /bind8/edit_recs.cgi?zone=wt5mc.ephec-ti.be&view=any&type=MX HTTP/1.1" 200 9168 "http://webmin.wt5mc.ephec-ti.be/bind8/edit_master.cgi?zone=wt5mc.ephec-ti.be" "Mozilla/5.0 (X11; Fedora; Linux x86_64) AppleWebKit/537.36 (KHTML, like Gecko) Chrome/52.0.2743.116 Safari/537.36"
62.235.172.132 - root [23/Aug/2016:20:13:17 +0000] "GET /index.cgi/?xhr-info=1 HTTP/1.1" 200 7653 "http://webmin.wt5mc.ephec-ti.be/?dashboard" "Mozilla/5.0 (X11; Ubuntu; Linux i686; rv:41.0) Gecko/20100101 Firefox/41.0"
62.235.172.132 - root [23/Aug/2016:20:13:31 +0000] "GET /index.cgi/?xhr-info=1 HTTP/1.1" 200 7653 "http://webmin.wt5mc.ephec-ti.be/" "Mozilla/5.0 (Windows NT 10.0; WOW64) AppleWebKit/537.36 (KHTML, like Gecko) Chrome/52.0.2743.116 Safari/537.36"
83.134.35.192 - root [23/Aug/2016:20:22:24 +0000] "GET /index.cgi/?xhr-info=1 HTTP/1.1" 200 7655 "http://webmin.wt5mc.ephec-ti.be/" "Mozilla/5.0 (X11; Fedora; Linux x86_64) AppleWebKit/537.36 (KHTML, like Gecko) Chrome/52.0.2743.116 Safari/537.36"
62.235.172.132 - root [23/Aug/2016:20:23:17 +0000] "GET /index.cgi/?xhr-info=1 HTTP/1.1" 200 7655 "http://webmin.wt5mc.ephec-ti.be/?dashboard" "Mozilla/5.0 (X11; Ubuntu; Linux i686; rv:41.0) Gecko/20100101 Firefox/41.0"
62.235.172.132 - root [23/Aug/2016:20:23:31 +0000] "GET /index.cgi/?xhr-info=1 HTTP/1.1" 200 7655 "http://webmin.wt5mc.ephec-ti.be/" "Mozilla/5.0 (Windows NT 10.0; WOW64) AppleWebKit/537.36 (KHTML, like Gecko) Chrome/52.0.2743.116 Safari/537.36"
83.134.35.192 - root [23/Aug/2016:20:25:34 +0000] "GET /bind8/edit_recs.cgi?zone=wt5mc.ephec-ti.be&view=any&type=A HTTP/1.1" 200 12474 "http://webmin.wt5mc.ephec-ti.be/bind8/edit_master.cgi?zone=wt5mc.ephec-ti.be" "Mozilla/5.0 (X11; Fedora; Linux x86_64) AppleWebKit/537.36 (KHTML, like Gecko) Chrome/52.0.2743.116 Safari/537.36"
83.134.35.192 - root [23/Aug/2016:20:25:37 +0000] "GET /bind8/save_record.cgi?zone=wt5mc.ephec-ti.be&view=any&file=%2Fvar%2Flib%2Fbind%2Fwt5mc.ephec-ti.be.hosts&origin=wt5mc.ephec-ti.be&sort=&new=1&type=A&redirtype=A&name=&ttl_def=1&ttlunit=&value0=&comment=&rev=1 HTTP/1.1" 200 1650 "http://webmin.wt5mc.ephec-ti.be/bind8/edit_recs.cgi?zone=wt5mc.ephec-ti.be&view=any&type=A" "Mozilla/5.0 (X11; Fedora; Linux x86_64) AppleWebKit/537.36 (KHTML, like Gecko) Chrome/52.0.2743.116 Safari/537.36"
83.134.35.192 - root [23/Aug/2016:20:25:53 +0000] "GET /bind8/save_record.cgi?zone=wt5mc.ephec-ti.be&view=any&file=%2Fvar%2Flib%2Fbind%2Fwt5mc.ephec-ti.be.hosts&origin=wt5mc.ephec-ti.be&sort=&new=1&type=A&redirtype=A&name=mail.wt5mc.ephec-ti.be&ttl_def=1&ttlunit=&value0=51.254.212.240&comment=&rev=1 HTTP/1.1" 302 5 "http://webmin.wt5mc.ephec-ti.be/bind8/edit_recs.cgi?zone=wt5mc.ephec-ti.be&view=any&type=A" "Mozilla/5.0 (X11; Fedora; Linux x86_64) AppleWebKit/537.36 (KHTML, like Gecko) Chrome/52.0.2743.116 Safari/537.36"
83.134.35.192 - root [23/Aug/2016:20:26:02 +0000] "GET /bind8/edit_master.cgi?zone=wt5mc.ephec-ti.be&view=any HTTP/1.1" 200 10671 "-" "Mozilla/5.0 (X11; Fedora; Linux x86_64) AppleWebKit/537.36 (KHTML, like Gecko) Chrome/52.0.2743.116 Safari/537.36"
83.134.35.192 - root [23/Aug/2016:20:26:04 +0000] "GET /bind8/restart_zone.cgi?return=1&view=&zone=wt5mc.ephec-ti.be HTTP/1.1" 302 5 "http://webmin.wt5mc.ephec-ti.be/bind8/edit_master.cgi?zone=wt5mc.ephec-ti.be&view=any" "Mozilla/5.0 (X11; Fedora; Linux x86_64) AppleWebKit/537.36 (KHTML, like Gecko) Chrome/52.0.2743.116 Safari/537.36"
83.134.35.192 - root [23/Aug/2016:20:26:04 +0000] "GET /bind8/edit_master.cgi?zone=wt5mc.ephec-ti.be&view=any HTTP/1.1" 200 10671 "http://webmin.wt5mc.ephec-ti.be/bind8/edit_master.cgi?zone=wt5mc.ephec-ti.be&view=any" "Mozilla/5.0 (X11; Fedora; Linux x86_64) AppleWebKit/537.36 (KHTML, like Gecko) Chrome/52.0.2743.116 Safari/537.36"
83.134.35.192 - root [23/Aug/2016:20:26:06 +0000] "GET /bind8/restart.cgi?return=1 HTTP/1.1" 302 5 "http://webmin.wt5mc.ephec-ti.be/bind8/edit_master.cgi?zone=wt5mc.ephec-ti.be&view=any" "Mozilla/5.0 (X11; Fedora; Linux x86_64) AppleWebKit/537.36 (KHTML, like Gecko) Chrome/52.0.2743.116 Safari/537.36"
83.134.35.192 - root [23/Aug/2016:20:26:06 +0000] "GET /bind8/edit_master.cgi?zone=wt5mc.ephec-ti.be&view=any HTTP/1.1" 200 10671 "http://webmin.wt5mc.ephec-ti.be/bind8/edit_master.cgi?zone=wt5mc.ephec-ti.be&view=any" "Mozilla/5.0 (X11; Fedora; Linux x86_64) AppleWebKit/537.36 (KHTML, like Gecko) Chrome/52.0.2743.116 Safari/537.36"
83.134.35.192 - root [23/Aug/2016:20:26:11 +0000] "GET /bind8/edit_recs.cgi?zone=wt5mc.ephec-ti.be&view=any&type=MX HTTP/1.1" 200 9168 "http://webmin.wt5mc.ephec-ti.be/bind8/edit_master.cgi?zone=wt5mc.ephec-ti.be&view=any" "Mozilla/5.0 (X11; Fedora; Linux x86_64) AppleWebKit/537.36 (KHTML, like Gecko) Chrome/52.0.2743.116 Safari/537.36"
83.134.35.192 - root [23/Aug/2016:20:29:26 +0000] "GET /bind8/edit_recs.cgi?zone=wt5mc.ephec-ti.be&view=any&type=NS HTTP/1.1" 200 8680 "http://webmin.wt5mc.ephec-ti.be/bind8/edit_master.cgi?zone=wt5mc.ephec-ti.be&view=any" "Mozilla/5.0 (X11; Fedora; Linux x86_64) AppleWebKit/537.36 (KHTML, like Gecko) Chrome/52.0.2743.116 Safari/537.36"
83.134.35.192 - root [23/Aug/2016:20:29:28 +0000] "GET /bind8/edit_recs.cgi?zone=wt5mc.ephec-ti.be&view=any&type=MX HTTP/1.1" 200 9168 "http://webmin.wt5mc.ephec-ti.be/bind8/edit_master.cgi?zone=wt5mc.ephec-ti.be&view=any" "Mozilla/5.0 (X11; Fedora; Linux x86_64) AppleWebKit/537.36 (KHTML, like Gecko) Chrome/52.0.2743.116 Safari/537.36"
83.134.35.192 - root [23/Aug/2016:20:29:30 +0000] "GET /bind8/edit_recs.cgi?zone=wt5mc.ephec-ti.be&view=any&type=A HTTP/1.1" 200 13152 "http://webmin.wt5mc.ephec-ti.be/bind8/edit_master.cgi?zone=wt5mc.ephec-ti.be&view=any" "Mozilla/5.0 (X11; Fedora; Linux x86_64) AppleWebKit/537.36 (KHTML, like Gecko) Chrome/52.0.2743.116 Safari/537.36"
83.134.35.192 - root [23/Aug/2016:20:29:34 +0000] "GET /bind8/edit_text.cgi?zone=wt5mc.ephec-ti.be&view=any HTTP/1.1" 200 4363 "http://webmin.wt5mc.ephec-ti.be/bind8/edit_master.cgi?zone=wt5mc.ephec-ti.be&view=any" "Mozilla/5.0 (X11; Fedora; Linux x86_64) AppleWebKit/537.36 (KHTML, like Gecko) Chrome/52.0.2743.116 Safari/537.36"
83.134.35.192 - root [23/Aug/2016:20:32:24 +0000] "GET /index.cgi/?xhr-info=1 HTTP/1.1" 200 7655 "http://webmin.wt5mc.ephec-ti.be/" "Mozilla/5.0 (X11; Fedora; Linux x86_64) AppleWebKit/537.36 (KHTML, like Gecko) Chrome/52.0.2743.116 Safari/537.36"
62.235.172.132 - root [23/Aug/2016:20:33:31 +0000] "GET /index.cgi/?xhr-info=1 HTTP/1.1" 200 7655 "http://webmin.wt5mc.ephec-ti.be/" "Mozilla/5.0 (Windows NT 10.0; WOW64) AppleWebKit/537.36 (KHTML, like Gecko) Chrome/52.0.2743.116 Safari/537.36"
83.134.35.192 - - [23/Aug/2016:20:35:13 +0000] "GET / HTTP/1.1" 200 133 "-" "Mozilla/5.0 (X11; Fedora; Linux x86_64) AppleWebKit/537.36 (KHTML, like Gecko) Chrome/52.0.2743.116 Safari/537.36"
83.134.35.192 - root [23/Aug/2016:20:35:25 +0000] "GET /bind8/edit_recs.cgi?zone=wt5mc.ephec-ti.be&view=any&type=A HTTP/1.1" 200 13152 "http://webmin.wt5mc.ephec-ti.be/bind8/edit_master.cgi?zone=wt5mc.ephec-ti.be&view=any" "Mozilla/5.0 (X11; Fedora; Linux x86_64) AppleWebKit/537.36 (KHTML, like Gecko) Chrome/52.0.2743.116 Safari/537.36"
83.134.35.192 - root [23/Aug/2016:20:35:30 +0000] "GET /bind8/edit_recs.cgi?zone=wt5mc.ephec-ti.be&view=any&type=MX HTTP/1.1" 200 9168 "http://webmin.wt5mc.ephec-ti.be/bind8/edit_master.cgi?zone=wt5mc.ephec-ti.be&view=any" "Mozilla/5.0 (X11; Fedora; Linux x86_64) AppleWebKit/537.36 (KHTML, like Gecko) Chrome/52.0.2743.116 Safari/537.36"
83.134.35.192 - root [23/Aug/2016:20:35:36 +0000] "GET /bind8/edit_record.cgi?zone=wt5mc.ephec-ti.be&id=mail%2Ewt5mc%2Eephec%2Dti%2Ebe%2E%2FMX%2F5%2F51%2E254%2E212%2E240&num=10&type=MX&sort=&view=any HTTP/1.1" 200 5950 "http://webmin.wt5mc.ephec-ti.be/bind8/edit_recs.cgi?zone=wt5mc.ephec-ti.be&view=any&type=MX" "Mozilla/5.0 (X11; Fedora; Linux x86_64) AppleWebKit/537.36 (KHTML, like Gecko) Chrome/52.0.2743.116 Safari/537.36"
83.134.35.192 - root [23/Aug/2016:20:35:41 +0000] "GET /bind8/save_record.cgi?zone=wt5mc.ephec-ti.be&view=any&file=%2Fvar%2Flib%2Fbind%2Fwt5mc.ephec-ti.be.hosts&origin=wt5mc.ephec-ti.be&sort=&num=10&id=mail.wt5mc.ephec-ti.be.%2FMX%2F5%2F51.254.212.240&type=MX&redirtype=MX&name=wt5mc.ephec-ti.be.&ttl_def=1&ttlunit=&value1=51.254.212.240&value0=5&comment= HTTP/1.1" 302 5 "http://webmin.wt5mc.ephec-ti.be/bind8/edit_record.cgi?zone=wt5mc.ephec-ti.be&id=mail%2Ewt5mc%2Eephec%2Dti%2Ebe%2E%2FMX%2F5%2F51%2E254%2E212%2E240&num=10&type=MX&sort=&view=any" "Mozilla/5.0 (X11; Fedora; Linux x86_64) AppleWebKit/537.36 (KHTML, like Gecko) Chrome/52.0.2743.116 Safari/537.36"
83.134.35.192 - root [23/Aug/2016:20:35:55 +0000] "GET /bind8/edit_master.cgi?zone=wt5mc.ephec-ti.be&view=any HTTP/1.1" 200 10671 "-" "Mozilla/5.0 (X11; Fedora; Linux x86_64) AppleWebKit/537.36 (KHTML, like Gecko) Chrome/52.0.2743.116 Safari/537.36"
83.134.35.192 - root [23/Aug/2016:20:35:57 +0000] "GET /bind8/edit_recs.cgi?zone=wt5mc.ephec-ti.be&view=any&type=NS HTTP/1.1" 200 8680 "http://webmin.wt5mc.ephec-ti.be/bind8/edit_master.cgi?zone=wt5mc.ephec-ti.be&view=any" "Mozilla/5.0 (X11; Fedora; Linux x86_64) AppleWebKit/537.36 (KHTML, like Gecko) Chrome/52.0.2743.116 Safari/537.36"
83.134.35.192 - root [23/Aug/2016:20:36:00 +0000] "GET /bind8/edit_recs.cgi?zone=wt5mc.ephec-ti.be&view=any&type=MX HTTP/1.1" 200 9126 "http://webmin.wt5mc.ephec-ti.be/bind8/edit_master.cgi?zone=wt5mc.ephec-ti.be&view=any" "Mozilla/5.0 (X11; Fedora; Linux x86_64) AppleWebKit/537.36 (KHTML, like Gecko) Chrome/52.0.2743.116 Safari/537.36"
83.134.35.192 - root [23/Aug/2016:20:36:04 +0000] "GET /bind8/edit_record.cgi?zone=wt5mc.ephec-ti.be&id=wt5mc%2Eephec%2Dti%2Ebe%2E%2FMX%2F5%2F51%2E254%2E212%2E240&num=10&type=MX&sort=&view=any HTTP/1.1" 200 5940 "http://webmin.wt5mc.ephec-ti.be/bind8/edit_recs.cgi?zone=wt5mc.ephec-ti.be&view=any&type=MX" "Mozilla/5.0 (X11; Fedora; Linux x86_64) AppleWebKit/537.36 (KHTML, like Gecko) Chrome/52.0.2743.116 Safari/537.36"
83.134.35.192 - root [23/Aug/2016:20:36:08 +0000] "GET /bind8/save_record.cgi?zone=wt5mc.ephec-ti.be&view=any&file=%2Fvar%2Flib%2Fbind%2Fwt5mc.ephec-ti.be.hosts&origin=wt5mc.ephec-ti.be&sort=&num=10&id=wt5mc.ephec-ti.be.%2FMX%2F5%2F51.254.212.240&type=MX&redirtype=MX&name=wt5mc.ephec-ti.be.&ttl_def=1&ttlunit=&value1=51.254.212.240&value0=5&comment= HTTP/1.1" 302 5 "http://webmin.wt5mc.ephec-ti.be/bind8/edit_record.cgi?zone=wt5mc.ephec-ti.be&id=wt5mc%2Eephec%2Dti%2Ebe%2E%2FMX%2F5%2F51%2E254%2E212%2E240&num=10&type=MX&sort=&view=any" "Mozilla/5.0 (X11; Fedora; Linux x86_64) AppleWebKit/537.36 (KHTML, like Gecko) Chrome/52.0.2743.116 Safari/537.36"
83.134.35.192 - root [23/Aug/2016:20:37:45 +0000] "GET /bind8/restart_zone.cgi?return=1&view=&zone=wt5mc.ephec-ti.be HTTP/1.1" 302 5 "-" "Mozilla/5.0 (X11; Fedora; Linux x86_64) AppleWebKit/537.36 (KHTML, like Gecko) Chrome/52.0.2743.116 Safari/537.36"
83.134.35.192 - root [23/Aug/2016:20:37:48 +0000] "GET /bind8/edit_master.cgi?zone=wt5mc.ephec-ti.be&view=any HTTP/1.1" 200 10671 "-" "Mozilla/5.0 (X11; Fedora; Linux x86_64) AppleWebKit/537.36 (KHTML, like Gecko) Chrome/52.0.2743.116 Safari/537.36"
83.134.35.192 - root [23/Aug/2016:20:37:50 +0000] "GET /bind8/restart_zone.cgi?return=1&view=&zone=wt5mc.ephec-ti.be HTTP/1.1" 302 5 "http://webmin.wt5mc.ephec-ti.be/bind8/edit_master.cgi?zone=wt5mc.ephec-ti.be&view=any" "Mozilla/5.0 (X11; Fedora; Linux x86_64) AppleWebKit/537.36 (KHTML, like Gecko) Chrome/52.0.2743.116 Safari/537.36"
83.134.35.192 - root [23/Aug/2016:20:37:50 +0000] "GET /bind8/edit_master.cgi?zone=wt5mc.ephec-ti.be&view=any HTTP/1.1" 200 10671 "http://webmin.wt5mc.ephec-ti.be/bind8/edit_master.cgi?zone=wt5mc.ephec-ti.be&view=any" "Mozilla/5.0 (X11; Fedora; Linux x86_64) AppleWebKit/537.36 (KHTML, like Gecko) Chrome/52.0.2743.116 Safari/537.36"
83.134.35.192 - root [23/Aug/2016:20:37:52 +0000] "GET /bind8/restart.cgi?return=1 HTTP/1.1" 302 5 "http://webmin.wt5mc.ephec-ti.be/bind8/edit_master.cgi?zone=wt5mc.ephec-ti.be&view=any" "Mozilla/5.0 (X11; Fedora; Linux x86_64) AppleWebKit/537.36 (KHTML, like Gecko) Chrome/52.0.2743.116 Safari/537.36"
83.134.35.192 - root [23/Aug/2016:20:37:52 +0000] "GET /bind8/edit_master.cgi?zone=wt5mc.ephec-ti.be&view=any HTTP/1.1" 200 10671 "http://webmin.wt5mc.ephec-ti.be/bind8/edit_master.cgi?zone=wt5mc.ephec-ti.be&view=any" "Mozilla/5.0 (X11; Fedora; Linux x86_64) AppleWebKit/537.36 (KHTML, like Gecko) Chrome/52.0.2743.116 Safari/537.36"
83.134.35.192 - root [23/Aug/2016:20:38:20 +0000] "GET /bind8/restart_zone.cgi?return=1&view=&zone=wt5mc.ephec-ti.be HTTP/1.1" 302 5 "http://webmin.wt5mc.ephec-ti.be/bind8/edit_master.cgi?zone=wt5mc.ephec-ti.be&view=any" "Mozilla/5.0 (X11; Fedora; Linux x86_64) AppleWebKit/537.36 (KHTML, like Gecko) Chrome/52.0.2743.116 Safari/537.36"
83.134.35.192 - root [23/Aug/2016:20:38:21 +0000] "GET /bind8/edit_master.cgi?zone=wt5mc.ephec-ti.be&view=any HTTP/1.1" 200 10671 "http://webmin.wt5mc.ephec-ti.be/bind8/edit_master.cgi?zone=wt5mc.ephec-ti.be&view=any" "Mozilla/5.0 (X11; Fedora; Linux x86_64) AppleWebKit/537.36 (KHTML, like Gecko) Chrome/52.0.2743.116 Safari/537.36"
83.134.35.192 - root [23/Aug/2016:20:38:22 +0000] "GET /bind8/restart.cgi?return=1 HTTP/1.1" 302 5 "http://webmin.wt5mc.ephec-ti.be/bind8/edit_master.cgi?zone=wt5mc.ephec-ti.be&view=any" "Mozilla/5.0 (X11; Fedora; Linux x86_64) AppleWebKit/537.36 (KHTML, like Gecko) Chrome/52.0.2743.116 Safari/537.36"
83.134.35.192 - root [23/Aug/2016:20:38:23 +0000] "GET /bind8/edit_master.cgi?zone=wt5mc.ephec-ti.be&view=any HTTP/1.1" 200 10671 "http://webmin.wt5mc.ephec-ti.be/bind8/edit_master.cgi?zone=wt5mc.ephec-ti.be&view=any" "Mozilla/5.0 (X11; Fedora; Linux x86_64) AppleWebKit/537.36 (KHTML, like Gecko) Chrome/52.0.2743.116 Safari/537.36"
83.134.35.192 - root [23/Aug/2016:20:38:24 +0000] "GET /bind8/edit_recs.cgi?zone=wt5mc.ephec-ti.be&view=any&type=A HTTP/1.1" 200 13152 "http://webmin.wt5mc.ephec-ti.be/bind8/edit_master.cgi?zone=wt5mc.ephec-ti.be&view=any" "Mozilla/5.0 (X11; Fedora; Linux x86_64) AppleWebKit/537.36 (KHTML, like Gecko) Chrome/52.0.2743.116 Safari/537.36"
83.134.35.192 - root [23/Aug/2016:20:41:05 +0000] "GET /bind8/edit_recs.cgi?zone=wt5mc.ephec-ti.be&view=any&type=MX HTTP/1.1" 200 9126 "http://webmin.wt5mc.ephec-ti.be/bind8/edit_master.cgi?zone=wt5mc.ephec-ti.be&view=any" "Mozilla/5.0 (X11; Fedora; Linux x86_64) AppleWebKit/537.36 (KHTML, like Gecko) Chrome/52.0.2743.116 Safari/537.36"
83.134.35.192 - root [23/Aug/2016:20:41:07 +0000] "GET /bind8/edit_record.cgi?zone=wt5mc.ephec-ti.be&id=wt5mc%2Eephec%2Dti%2Ebe%2E%2FMX%2F5%2F51%2E254%2E212%2E240&num=10&type=MX&sort=&view=any HTTP/1.1" 200 5940 "http://webmin.wt5mc.ephec-ti.be/bind8/edit_recs.cgi?zone=wt5mc.ephec-ti.be&view=any&type=MX" "Mozilla/5.0 (X11; Fedora; Linux x86_64) AppleWebKit/537.36 (KHTML, like Gecko) Chrome/52.0.2743.116 Safari/537.36"
83.134.35.192 - root [23/Aug/2016:20:41:13 +0000] "GET /bind8/save_record.cgi?zone=wt5mc.ephec-ti.be&view=any&file=%2Fvar%2Flib%2Fbind%2Fwt5mc.ephec-ti.be.hosts&origin=wt5mc.ephec-ti.be&sort=&num=10&id=wt5mc.ephec-ti.be.%2FMX%2F5%2F51.254.212.240&type=MX&redirtype=MX&name=wt5mc.ephec-ti.be.&ttl_def=1&ttlunit=&value1=mail&value0=5&comment= HTTP/1.1" 302 5 "http://webmin.wt5mc.ephec-ti.be/bind8/edit_record.cgi?zone=wt5mc.ephec-ti.be&id=wt5mc%2Eephec%2Dti%2Ebe%2E%2FMX%2F5%2F51%2E254%2E212%2E240&num=10&type=MX&sort=&view=any" "Mozilla/5.0 (X11; Fedora; Linux x86_64) AppleWebKit/537.36 (KHTML, like Gecko) Chrome/52.0.2743.116 Safari/537.36"
83.134.35.192 - root [23/Aug/2016:20:41:16 +0000] "GET /bind8/edit_master.cgi?zone=wt5mc.ephec-ti.be&view=any HTTP/1.1" 200 10671 "-" "Mozilla/5.0 (X11; Fedora; Linux x86_64) AppleWebKit/537.36 (KHTML, like Gecko) Chrome/52.0.2743.116 Safari/537.36"
83.134.35.192 - root [23/Aug/2016:20:41:18 +0000] "GET /bind8/edit_recs.cgi?zone=wt5mc.ephec-ti.be&view=any&type=MX HTTP/1.1" 200 9040 "http://webmin.wt5mc.ephec-ti.be/bind8/edit_master.cgi?zone=wt5mc.ephec-ti.be&view=any" "Mozilla/5.0 (X11; Fedora; Linux x86_64) AppleWebKit/537.36 (KHTML, like Gecko) Chrome/52.0.2743.116 Safari/537.36"
83.134.35.192 - root [23/Aug/2016:20:41:20 +0000] "GET /bind8/restart_zone.cgi?return=1&view=&zone=wt5mc.ephec-ti.be HTTP/1.1" 302 5 "http://webmin.wt5mc.ephec-ti.be/bind8/edit_master.cgi?zone=wt5mc.ephec-ti.be&view=any" "Mozilla/5.0 (X11; Fedora; Linux x86_64) AppleWebKit/537.36 (KHTML, like Gecko) Chrome/52.0.2743.116 Safari/537.36"
83.134.35.192 - root [23/Aug/2016:20:41:21 +0000] "GET /bind8/edit_master.cgi?zone=wt5mc.ephec-ti.be&view=any HTTP/1.1" 200 10671 "http://webmin.wt5mc.ephec-ti.be/bind8/edit_master.cgi?zone=wt5mc.ephec-ti.be&view=any" "Mozilla/5.0 (X11; Fedora; Linux x86_64) AppleWebKit/537.36 (KHTML, like Gecko) Chrome/52.0.2743.116 Safari/537.36"
83.134.35.192 - root [23/Aug/2016:20:41:22 +0000] "GET /bind8/restart.cgi?return=1 HTTP/1.1" 302 5 "http://webmin.wt5mc.ephec-ti.be/bind8/edit_master.cgi?zone=wt5mc.ephec-ti.be&view=any" "Mozilla/5.0 (X11; Fedora; Linux x86_64) AppleWebKit/537.36 (KHTML, like Gecko) Chrome/52.0.2743.116 Safari/537.36"
83.134.35.192 - root [23/Aug/2016:20:41:22 +0000] "GET /bind8/edit_master.cgi?zone=wt5mc.ephec-ti.be&view=any HTTP/1.1" 200 10671 "http://webmin.wt5mc.ephec-ti.be/bind8/edit_master.cgi?zone=wt5mc.ephec-ti.be&view=any" "Mozilla/5.0 (X11; Fedora; Linux x86_64) AppleWebKit/537.36 (KHTML, like Gecko) Chrome/52.0.2743.116 Safari/537.36"
83.134.35.192 - root [23/Aug/2016:20:42:16 +0000] "GET /bind8/edit_text.cgi?zone=wt5mc.ephec-ti.be&view=any HTTP/1.1" 200 4348 "http://webmin.wt5mc.ephec-ti.be/bind8/edit_master.cgi?zone=wt5mc.ephec-ti.be&view=any" "Mozilla/5.0 (X11; Fedora; Linux x86_64) AppleWebKit/537.36 (KHTML, like Gecko) Chrome/52.0.2743.116 Safari/537.36"
83.134.35.192 - root [23/Aug/2016:20:42:24 +0000] "GET /index.cgi/?xhr-info=1 HTTP/1.1" 200 7655 "http://webmin.wt5mc.ephec-ti.be/" "Mozilla/5.0 (X11; Fedora; Linux x86_64) AppleWebKit/537.36 (KHTML, like Gecko) Chrome/52.0.2743.116 Safari/537.36"
83.134.35.192 - root [23/Aug/2016:20:42:59 +0000] "GET /bind8/edit_master.cgi?zone=wt5mc.ephec-ti.be&view=any HTTP/1.1" 200 10671 "http://webmin.wt5mc.ephec-ti.be/bind8/edit_text.cgi?zone=wt5mc.ephec-ti.be&view=any" "Mozilla/5.0 (X11; Fedora; Linux x86_64) AppleWebKit/537.36 (KHTML, like Gecko) Chrome/52.0.2743.116 Safari/537.36"
83.134.35.192 - root [23/Aug/2016:20:43:01 +0000] "GET /bind8/edit_recs.cgi?zone=wt5mc.ephec-ti.be&view=any&type=A HTTP/1.1" 200 13152 "http://webmin.wt5mc.ephec-ti.be/bind8/edit_master.cgi?zone=wt5mc.ephec-ti.be&view=any" "Mozilla/5.0 (X11; Fedora; Linux x86_64) AppleWebKit/537.36 (KHTML, like Gecko) Chrome/52.0.2743.116 Safari/537.36"
83.134.35.192 - root [23/Aug/2016:20:43:19 +0000] "GET /bind8/edit_record.cgi?zone=wt5mc.ephec-ti.be&id=mail%2Ewt5mc%2Eephec%2Dti%2Ebe%2E%2FA%2F51%2E254%2E212%2E240&num=11&type=A&sort=&view=any HTTP/1.1" 200 6251 "http://webmin.wt5mc.ephec-ti.be/bind8/edit_recs.cgi?zone=wt5mc.ephec-ti.be&view=any&type=A" "Mozilla/5.0 (X11; Fedora; Linux x86_64) AppleWebKit/537.36 (KHTML, like Gecko) Chrome/52.0.2743.116 Safari/537.36"
62.235.172.132 - root [23/Aug/2016:20:43:31 +0000] "GET /index.cgi/?xhr-info=1 HTTP/1.1" 200 7655 "http://webmin.wt5mc.ephec-ti.be/" "Mozilla/5.0 (Windows NT 10.0; WOW64) AppleWebKit/537.36 (KHTML, like Gecko) Chrome/52.0.2743.116 Safari/537.36"
83.134.35.192 - root [23/Aug/2016:20:45:33 +0000] "GET /bind8/edit_text.cgi?zone=wt5mc.ephec-ti.be&view=any HTTP/1.1" 200 4348 "http://webmin.wt5mc.ephec-ti.be/bind8/edit_master.cgi?zone=wt5mc.ephec-ti.be&view=any" "Mozilla/5.0 (X11; Fedora; Linux x86_64) AppleWebKit/537.36 (KHTML, like Gecko) Chrome/52.0.2743.116 Safari/537.36"
83.134.35.192 - root [23/Aug/2016:20:48:20 +0000] "GET /bind8/restart_zone.cgi?return=1&view=&zone=wt5mc.ephec-ti.be HTTP/1.1" 302 5 "http://webmin.wt5mc.ephec-ti.be/bind8/edit_master.cgi?zone=wt5mc.ephec-ti.be&view=any" "Mozilla/5.0 (X11; Fedora; Linux x86_64) AppleWebKit/537.36 (KHTML, like Gecko) Chrome/52.0.2743.116 Safari/537.36"
83.134.35.192 - root [23/Aug/2016:20:48:20 +0000] "GET /bind8/edit_master.cgi?zone=wt5mc.ephec-ti.be&view=any HTTP/1.1" 200 10671 "http://webmin.wt5mc.ephec-ti.be/bind8/edit_master.cgi?zone=wt5mc.ephec-ti.be&view=any" "Mozilla/5.0 (X11; Fedora; Linux x86_64) AppleWebKit/537.36 (KHTML, like Gecko) Chrome/52.0.2743.116 Safari/537.36"
83.134.35.192 - root [23/Aug/2016:20:48:21 +0000] "GET /bind8/restart.cgi?return=1 HTTP/1.1" 499 0 "http://webmin.wt5mc.ephec-ti.be/bind8/edit_master.cgi?zone=wt5mc.ephec-ti.be&view=any" "Mozilla/5.0 (X11; Fedora; Linux x86_64) AppleWebKit/537.36 (KHTML, like Gecko) Chrome/52.0.2743.116 Safari/537.36"
83.134.35.192 - root [23/Aug/2016:20:48:21 +0000] "GET /bind8/restart.cgi?return=1 HTTP/1.1" 302 5 "http://webmin.wt5mc.ephec-ti.be/bind8/edit_master.cgi?zone=wt5mc.ephec-ti.be&view=any" "Mozilla/5.0 (X11; Fedora; Linux x86_64) AppleWebKit/537.36 (KHTML, like Gecko) Chrome/52.0.2743.116 Safari/537.36"
83.134.35.192 - root [23/Aug/2016:20:48:22 +0000] "GET /bind8/edit_master.cgi?zone=wt5mc.ephec-ti.be&view=any HTTP/1.1" 200 10671 "http://webmin.wt5mc.ephec-ti.be/bind8/edit_master.cgi?zone=wt5mc.ephec-ti.be&view=any" "Mozilla/5.0 (X11; Fedora; Linux x86_64) AppleWebKit/537.36 (KHTML, like Gecko) Chrome/52.0.2743.116 Safari/537.36"
83.134.35.192 - root [23/Aug/2016:20:52:24 +0000] "GET /index.cgi/?xhr-info=1 HTTP/1.1" 200 7655 "http://webmin.wt5mc.ephec-ti.be/" "Mozilla/5.0 (X11; Fedora; Linux x86_64) AppleWebKit/537.36 (KHTML, like Gecko) Chrome/52.0.2743.116 Safari/537.36"
62.235.172.132 - root [23/Aug/2016:20:53:31 +0000] "GET /index.cgi/?xhr-info=1 HTTP/1.1" 200 7655 "http://webmin.wt5mc.ephec-ti.be/" "Mozilla/5.0 (Windows NT 10.0; WOW64) AppleWebKit/537.36 (KHTML, like Gecko) Chrome/52.0.2743.116 Safari/537.36"
62.235.172.132 - root [23/Aug/2016:20:56:15 +0000] "GET /index.cgi/?xhr-info=1 HTTP/1.1" 200 7655 "http://webmin.wt5mc.ephec-ti.be/?dashboard" "Mozilla/5.0 (X11; Ubuntu; Linux i686; rv:41.0) Gecko/20100101 Firefox/41.0"
83.134.35.192 - root [23/Aug/2016:21:02:24 +0000] "GET /index.cgi/?xhr-info=1 HTTP/1.1" 200 7653 "http://webmin.wt5mc.ephec-ti.be/" "Mozilla/5.0 (X11; Fedora; Linux x86_64) AppleWebKit/537.36 (KHTML, like Gecko) Chrome/52.0.2743.116 Safari/537.36"
62.235.172.132 - root [23/Aug/2016:21:03:31 +0000] "GET /index.cgi/?xhr-info=1 HTTP/1.1" 200 7653 "http://webmin.wt5mc.ephec-ti.be/" "Mozilla/5.0 (Windows NT 10.0; WOW64) AppleWebKit/537.36 (KHTML, like Gecko) Chrome/52.0.2743.116 Safari/537.36"
62.235.172.132 - root [23/Aug/2016:21:06:15 +0000] "GET /index.cgi/?xhr-info=1 HTTP/1.1" 200 7653 "http://webmin.wt5mc.ephec-ti.be/?dashboard" "Mozilla/5.0 (X11; Ubuntu; Linux i686; rv:41.0) Gecko/20100101 Firefox/41.0"
83.134.35.192 - - [23/Aug/2016:21:08:29 +0000] "GET / HTTP/1.1" 502 575 "-" "Mozilla/5.0 (X11; Fedora; Linux x86_64) AppleWebKit/537.36 (KHTML, like Gecko) Chrome/52.0.2743.116 Safari/537.36"
83.134.35.192 - - [23/Aug/2016:21:08:29 +0000] "GET /favicon.ico HTTP/1.1" 502 575 "http://mail.wt5mc.ephec-ti.be/" "Mozilla/5.0 (X11; Fedora; Linux x86_64) AppleWebKit/537.36 (KHTML, like Gecko) Chrome/52.0.2743.116 Safari/537.36"
83.134.35.192 - - [23/Aug/2016:21:11:34 +0000] "GET / HTTP/1.1" 200 79 "-" "Mozilla/5.0 (X11; Fedora; Linux x86_64) AppleWebKit/537.36 (KHTML, like Gecko) Chrome/52.0.2743.116 Safari/537.36"
83.134.35.192 - - [23/Aug/2016:21:11:34 +0000] "GET /favicon.ico HTTP/1.1" 404 191 "http://mail.wt5mc.ephec-ti.be/" "Mozilla/5.0 (X11; Fedora; Linux x86_64) AppleWebKit/537.36 (KHTML, like Gecko) Chrome/52.0.2743.116 Safari/537.36"
83.134.35.192 - root [23/Aug/2016:21:12:24 +0000] "GET /index.cgi/?xhr-info=1 HTTP/1.1" 200 7653 "http://webmin.wt5mc.ephec-ti.be/" "Mozilla/5.0 (X11; Fedora; Linux x86_64) AppleWebKit/537.36 (KHTML, like Gecko) Chrome/52.0.2743.116 Safari/537.36"
83.134.35.192 - - [23/Aug/2016:21:14:48 +0000] "GET / HTTP/1.1" 200 1335 "-" "Mozilla/5.0 (X11; Fedora; Linux x86_64) AppleWebKit/537.36 (KHTML, like Gecko) Chrome/52.0.2743.116 Safari/537.36"
83.134.35.192 - - [23/Aug/2016:21:14:48 +0000] "GET /rainloop/v/1.6.10.185/static/css/app.min.css HTTP/1.1" 200 27178 "http://mail.wt5mc.ephec-ti.be/" "Mozilla/5.0 (X11; Fedora; Linux x86_64) AppleWebKit/537.36 (KHTML, like Gecko) Chrome/52.0.2743.116 Safari/537.36"
83.134.35.192 - - [23/Aug/2016:21:14:48 +0000] "GET /rainloop/v/1.6.10.185/static/js/min/boot.js HTTP/1.1" 200 4622 "http://mail.wt5mc.ephec-ti.be/" "Mozilla/5.0 (X11; Fedora; Linux x86_64) AppleWebKit/537.36 (KHTML, like Gecko) Chrome/52.0.2743.116 Safari/537.36"
83.134.35.192 - - [23/Aug/2016:21:14:48 +0000] "GET /?/AppData/0/13206978121947643/ HTTP/1.1" 200 1151 "http://mail.wt5mc.ephec-ti.be/" "Mozilla/5.0 (X11; Fedora; Linux x86_64) AppleWebKit/537.36 (KHTML, like Gecko) Chrome/52.0.2743.116 Safari/537.36"
83.134.35.192 - - [23/Aug/2016:21:14:48 +0000] "GET /?/Css/0/User/-/Default/-/6badc5737cc455090e10dea3e32e3c46/ HTTP/1.1" 200 785 "http://mail.wt5mc.ephec-ti.be/" "Mozilla/5.0 (X11; Fedora; Linux x86_64) AppleWebKit/537.36 (KHTML, like Gecko) Chrome/52.0.2743.116 Safari/537.36"
83.134.35.192 - - [23/Aug/2016:21:14:48 +0000] "GET /?/Lang/0/en/6badc5737cc455090e10dea3e32e3c46/ HTTP/1.1" 200 8528 "http://mail.wt5mc.ephec-ti.be/" "Mozilla/5.0 (X11; Fedora; Linux x86_64) AppleWebKit/537.36 (KHTML, like Gecko) Chrome/52.0.2743.116 Safari/537.36"
83.134.35.192 - - [23/Aug/2016:21:14:48 +0000] "GET /?/Templates/0/App/6badc5737cc455090e10dea3e32e3c46/ HTTP/1.1" 200 20826 "http://mail.wt5mc.ephec-ti.be/" "Mozilla/5.0 (X11; Fedora; Linux x86_64) AppleWebKit/537.36 (KHTML, like Gecko) Chrome/52.0.2743.116 Safari/537.36"
83.134.35.192 - - [23/Aug/2016:21:14:48 +0000] "GET /rainloop/v/1.6.10.185/static/js/min/libs.js HTTP/1.1" 200 156210 "http://mail.wt5mc.ephec-ti.be/" "Mozilla/5.0 (X11; Fedora; Linux x86_64) AppleWebKit/537.36 (KHTML, like Gecko) Chrome/52.0.2743.116 Safari/537.36"
83.134.35.192 - - [23/Aug/2016:21:14:48 +0000] "GET /rainloop/v/1.6.10.185/themes/Default/images/background.jpg HTTP/1.1" 200 4988 "http://mail.wt5mc.ephec-ti.be/?/Css/0/User/-/Default/-/6badc5737cc455090e10dea3e32e3c46/" "Mozilla/5.0 (X11; Fedora; Linux x86_64) AppleWebKit/537.36 (KHTML, like Gecko) Chrome/52.0.2743.116 Safari/537.36"
83.134.35.192 - - [23/Aug/2016:21:14:48 +0000] "GET /rainloop/v/1.6.10.185/static/ckeditor/ckeditor.js HTTP/1.1" 200 139517 "http://mail.wt5mc.ephec-ti.be/" "Mozilla/5.0 (X11; Fedora; Linux x86_64) AppleWebKit/537.36 (KHTML, like Gecko) Chrome/52.0.2743.116 Safari/537.36"
83.134.35.192 - - [23/Aug/2016:21:14:48 +0000] "GET /rainloop/v/1.6.10.185/static/js/min/app.js HTTP/1.1" 200 74101 "http://mail.wt5mc.ephec-ti.be/" "Mozilla/5.0 (X11; Fedora; Linux x86_64) AppleWebKit/537.36 (KHTML, like Gecko) Chrome/52.0.2743.116 Safari/537.36"
83.134.35.192 - - [23/Aug/2016:21:14:49 +0000] "GET /rainloop/v/1.6.10.185/static/favicon.png HTTP/1.1" 200 832 "http://mail.wt5mc.ephec-ti.be/" "Mozilla/5.0 (X11; Fedora; Linux x86_64) AppleWebKit/537.36 (KHTML, like Gecko) Chrome/52.0.2743.116 Safari/537.36"
83.134.35.192 - - [23/Aug/2016:21:14:49 +0000] "GET /rainloop/v/1.6.10.185/static/css/fonts/rainloop.woff HTTP/1.1" 200 12632 "http://mail.wt5mc.ephec-ti.be/rainloop/v/1.6.10.185/static/css/app.min.css" "Mozilla/5.0 (X11; Fedora; Linux x86_64) AppleWebKit/537.36 (KHTML, like Gecko) Chrome/52.0.2743.116 Safari/537.36"
83.134.35.192 - - [23/Aug/2016:21:15:01 +0000] "POST /?/Ajax/&/s/=/0/ HTTP/1.1" 200 99 "http://mail.wt5mc.ephec-ti.be/" "Mozilla/5.0 (X11; Fedora; Linux x86_64) AppleWebKit/537.36 (KHTML, like Gecko) Chrome/52.0.2743.116 Safari/537.36"
62.235.172.132 - root [23/Aug/2016:21:16:15 +0000] "GET /index.cgi/?xhr-info=1 HTTP/1.1" 200 7653 "http://webmin.wt5mc.ephec-ti.be/?dashboard" "Mozilla/5.0 (X11; Ubuntu; Linux i686; rv:41.0) Gecko/20100101 Firefox/41.0"
83.134.35.192 - - [23/Aug/2016:21:16:31 +0000] "GET /rainloop/v/1.6.10.185/static/css/flags.png HTTP/1.1" 200 78832 "http://mail.wt5mc.ephec-ti.be/rainloop/v/1.6.10.185/static/css/app.min.css" "Mozilla/5.0 (X11; Fedora; Linux x86_64) AppleWebKit/537.36 (KHTML, like Gecko) Chrome/52.0.2743.116 Safari/537.36"
83.134.35.192 - - [23/Aug/2016:21:16:54 +0000] "POST /?/Ajax/&/s/=/0/ HTTP/1.1" 200 79 "http://mail.wt5mc.ephec-ti.be/" "Mozilla/5.0 (X11; Fedora; Linux x86_64) AppleWebKit/537.36 (KHTML, like Gecko) Chrome/52.0.2743.116 Safari/537.36"
83.134.35.192 - - [23/Aug/2016:21:16:54 +0000] "GET /?/Admin/ HTTP/1.1" 200 1339 "http://mail.wt5mc.ephec-ti.be/" "Mozilla/5.0 (X11; Fedora; Linux x86_64) AppleWebKit/537.36 (KHTML, like Gecko) Chrome/52.0.2743.116 Safari/537.36"
83.134.35.192 - - [23/Aug/2016:21:16:54 +0000] "GET /?/AdminAppData/0/17568021890525776/ HTTP/1.1" 200 1417 "http://mail.wt5mc.ephec-ti.be/?/Admin/" "Mozilla/5.0 (X11; Fedora; Linux x86_64) AppleWebKit/537.36 (KHTML, like Gecko) Chrome/52.0.2743.116 Safari/537.36"
83.134.35.192 - - [23/Aug/2016:21:16:54 +0000] "GET /?/Css/0/Admin/-/Default/-/6badc5737cc455090e10dea3e32e3c46/ HTTP/1.1" 200 785 "http://mail.wt5mc.ephec-ti.be/?/Admin/" "Mozilla/5.0 (X11; Fedora; Linux x86_64) AppleWebKit/537.36 (KHTML, like Gecko) Chrome/52.0.2743.116 Safari/537.36"
83.134.35.192 - - [23/Aug/2016:21:16:54 +0000] "GET /?/Templates/0/Admin/6badc5737cc455090e10dea3e32e3c46/ HTTP/1.1" 200 9530 "http://mail.wt5mc.ephec-ti.be/?/Admin/" "Mozilla/5.0 (X11; Fedora; Linux x86_64) AppleWebKit/537.36 (KHTML, like Gecko) Chrome/52.0.2743.116 Safari/537.36"
83.134.35.192 - - [23/Aug/2016:21:16:54 +0000] "GET /rainloop/v/1.6.10.185/static/js/min/admin.js HTTP/1.1" 200 31550 "http://mail.wt5mc.ephec-ti.be/?/Admin/" "Mozilla/5.0 (X11; Fedora; Linux x86_64) AppleWebKit/537.36 (KHTML, like Gecko) Chrome/52.0.2743.116 Safari/537.36"
83.134.35.192 - - [23/Aug/2016:21:17:05 +0000] "POST /?/Ajax/&/s/=/0/ HTTP/1.1" 200 86 "http://mail.wt5mc.ephec-ti.be/?/Admin/" "Mozilla/5.0 (X11; Fedora; Linux x86_64) AppleWebKit/537.36 (KHTML, like Gecko) Chrome/52.0.2743.116 Safari/537.36"
83.134.35.192 - - [23/Aug/2016:21:17:18 +0000] "POST /?/Ajax/&/s/=/0/ HTTP/1.1" 200 86 "http://mail.wt5mc.ephec-ti.be/?/Admin/" "Mozilla/5.0 (X11; Fedora; Linux x86_64) AppleWebKit/537.36 (KHTML, like Gecko) Chrome/52.0.2743.116 Safari/537.36"
83.134.35.192 - - [23/Aug/2016:21:17:26 +0000] "POST /?/Ajax/&/s/=/0/ HTTP/1.1" 200 115 "http://mail.wt5mc.ephec-ti.be/?/Admin/" "Mozilla/5.0 (X11; Fedora; Linux x86_64) AppleWebKit/537.36 (KHTML, like Gecko) Chrome/52.0.2743.116 Safari/537.36"
62.235.172.132 - - [23/Aug/2016:21:17:36 +0000] "GET / HTTP/1.1" 200 1337 "-" "Mozilla/5.0 (Windows NT 10.0; WOW64) AppleWebKit/537.36 (KHTML, like Gecko) Chrome/52.0.2743.116 Safari/537.36"
62.235.172.132 - - [23/Aug/2016:21:17:36 +0000] "GET /rainloop/v/1.6.10.185/static/css/app.min.css HTTP/1.1" 200 27178 "http://mail.wt5mc.ephec-ti.be/" "Mozilla/5.0 (Windows NT 10.0; WOW64) AppleWebKit/537.36 (KHTML, like Gecko) Chrome/52.0.2743.116 Safari/537.36"
62.235.172.132 - - [23/Aug/2016:21:17:36 +0000] "GET /rainloop/v/1.6.10.185/static/js/min/boot.js HTTP/1.1" 200 4622 "http://mail.wt5mc.ephec-ti.be/" "Mozilla/5.0 (Windows NT 10.0; WOW64) AppleWebKit/537.36 (KHTML, like Gecko) Chrome/52.0.2743.116 Safari/537.36"
62.235.172.132 - - [23/Aug/2016:21:17:36 +0000] "GET /?/AppData/0/22919664412461493/ HTTP/1.1" 200 1151 "http://mail.wt5mc.ephec-ti.be/" "Mozilla/5.0 (Windows NT 10.0; WOW64) AppleWebKit/537.36 (KHTML, like Gecko) Chrome/52.0.2743.116 Safari/537.36"
62.235.172.132 - - [23/Aug/2016:21:17:36 +0000] "GET /?/Css/0/User/-/Default/-/6badc5737cc455090e10dea3e32e3c46/ HTTP/1.1" 200 785 "http://mail.wt5mc.ephec-ti.be/" "Mozilla/5.0 (Windows NT 10.0; WOW64) AppleWebKit/537.36 (KHTML, like Gecko) Chrome/52.0.2743.116 Safari/537.36"
62.235.172.132 - - [23/Aug/2016:21:17:37 +0000] "GET /?/Templates/0/App/6badc5737cc455090e10dea3e32e3c46/ HTTP/1.1" 200 20826 "http://mail.wt5mc.ephec-ti.be/" "Mozilla/5.0 (Windows NT 10.0; WOW64) AppleWebKit/537.36 (KHTML, like Gecko) Chrome/52.0.2743.116 Safari/537.36"
62.235.172.132 - - [23/Aug/2016:21:17:37 +0000] "GET /rainloop/v/1.6.10.185/static/js/min/libs.js HTTP/1.1" 200 156210 "http://mail.wt5mc.ephec-ti.be/" "Mozilla/5.0 (Windows NT 10.0; WOW64) AppleWebKit/537.36 (KHTML, like Gecko) Chrome/52.0.2743.116 Safari/537.36"
62.235.172.132 - - [23/Aug/2016:21:17:37 +0000] "GET /?/Lang/0/fr/6badc5737cc455090e10dea3e32e3c46/ HTTP/1.1" 200 9815 "http://mail.wt5mc.ephec-ti.be/" "Mozilla/5.0 (Windows NT 10.0; WOW64) AppleWebKit/537.36 (KHTML, like Gecko) Chrome/52.0.2743.116 Safari/537.36"
62.235.172.132 - - [23/Aug/2016:21:17:37 +0000] "GET /rainloop/v/1.6.10.185/themes/Default/images/background.jpg HTTP/1.1" 200 4988 "http://mail.wt5mc.ephec-ti.be/?/Css/0/User/-/Default/-/6badc5737cc455090e10dea3e32e3c46/" "Mozilla/5.0 (Windows NT 10.0; WOW64) AppleWebKit/537.36 (KHTML, like Gecko) Chrome/52.0.2743.116 Safari/537.36"
62.235.172.132 - - [23/Aug/2016:21:17:37 +0000] "GET /rainloop/v/1.6.10.185/static/js/min/app.js HTTP/1.1" 200 74101 "http://mail.wt5mc.ephec-ti.be/" "Mozilla/5.0 (Windows NT 10.0; WOW64) AppleWebKit/537.36 (KHTML, like Gecko) Chrome/52.0.2743.116 Safari/537.36"
62.235.172.132 - - [23/Aug/2016:21:17:37 +0000] "GET /rainloop/v/1.6.10.185/static/ckeditor/ckeditor.js HTTP/1.1" 200 139517 "http://mail.wt5mc.ephec-ti.be/" "Mozilla/5.0 (Windows NT 10.0; WOW64) AppleWebKit/537.36 (KHTML, like Gecko) Chrome/52.0.2743.116 Safari/537.36"
62.235.172.132 - - [23/Aug/2016:21:17:37 +0000] "GET /rainloop/v/1.6.10.185/static/favicon.png HTTP/1.1" 200 832 "http://mail.wt5mc.ephec-ti.be/" "Mozilla/5.0 (Windows NT 10.0; WOW64) AppleWebKit/537.36 (KHTML, like Gecko) Chrome/52.0.2743.116 Safari/537.36"
62.235.172.132 - - [23/Aug/2016:21:17:37 +0000] "GET /rainloop/v/1.6.10.185/static/css/fonts/rainloop.woff HTTP/1.1" 200 12632 "http://mail.wt5mc.ephec-ti.be/rainloop/v/1.6.10.185/static/css/app.min.css" "Mozilla/5.0 (Windows NT 10.0; WOW64) AppleWebKit/537.36 (KHTML, like Gecko) Chrome/52.0.2743.116 Safari/537.36"
83.134.35.192 - - [23/Aug/2016:21:17:45 +0000] "POST /?/Ajax/&/s/=/0/ HTTP/1.1" 200 96 "http://mail.wt5mc.ephec-ti.be/?/Admin/" "Mozilla/5.0 (X11; Fedora; Linux x86_64) AppleWebKit/537.36 (KHTML, like Gecko) Chrome/52.0.2743.116 Safari/537.36"
62.235.172.132 - - [23/Aug/2016:21:17:53 +0000] "POST /?/Ajax/&/s/=/0/ HTTP/1.1" 200 78 "http://mail.wt5mc.ephec-ti.be/" "Mozilla/5.0 (Windows NT 10.0; WOW64) AppleWebKit/537.36 (KHTML, like Gecko) Chrome/52.0.2743.116 Safari/537.36"
62.235.172.132 - - [23/Aug/2016:21:17:54 +0000] "GET /?/Admin/ HTTP/1.1" 200 1340 "http://mail.wt5mc.ephec-ti.be/" "Mozilla/5.0 (Windows NT 10.0; WOW64) AppleWebKit/537.36 (KHTML, like Gecko) Chrome/52.0.2743.116 Safari/537.36"
62.235.172.132 - - [23/Aug/2016:21:17:54 +0000] "GET /?/AdminAppData/0/03253742704878948/ HTTP/1.1" 200 1408 "http://mail.wt5mc.ephec-ti.be/?/Admin/" "Mozilla/5.0 (Windows NT 10.0; WOW64) AppleWebKit/537.36 (KHTML, like Gecko) Chrome/52.0.2743.116 Safari/537.36"
62.235.172.132 - - [23/Aug/2016:21:17:54 +0000] "GET /?/Css/0/Admin/-/Default/-/6badc5737cc455090e10dea3e32e3c46/ HTTP/1.1" 200 785 "http://mail.wt5mc.ephec-ti.be/?/Admin/" "Mozilla/5.0 (Windows NT 10.0; WOW64) AppleWebKit/537.36 (KHTML, like Gecko) Chrome/52.0.2743.116 Safari/537.36"
62.235.172.132 - - [23/Aug/2016:21:17:54 +0000] "GET /?/Templates/0/Admin/6badc5737cc455090e10dea3e32e3c46/ HTTP/1.1" 200 9530 "http://mail.wt5mc.ephec-ti.be/?/Admin/" "Mozilla/5.0 (Windows NT 10.0; WOW64) AppleWebKit/537.36 (KHTML, like Gecko) Chrome/52.0.2743.116 Safari/537.36"
62.235.172.132 - - [23/Aug/2016:21:17:54 +0000] "GET /rainloop/v/1.6.10.185/static/js/min/admin.js HTTP/1.1" 200 31550 "http://mail.wt5mc.ephec-ti.be/?/Admin/" "Mozilla/5.0 (Windows NT 10.0; WOW64) AppleWebKit/537.36 (KHTML, like Gecko) Chrome/52.0.2743.116 Safari/537.36"
62.235.172.132 - - [23/Aug/2016:21:17:54 +0000] "GET /?/Lang/0/en/6badc5737cc455090e10dea3e32e3c46/ HTTP/1.1" 200 8528 "http://mail.wt5mc.ephec-ti.be/?/Admin/" "Mozilla/5.0 (Windows NT 10.0; WOW64) AppleWebKit/537.36 (KHTML, like Gecko) Chrome/52.0.2743.116 Safari/537.36"
62.235.172.132 - - [23/Aug/2016:21:17:54 +0000] "GET /rainloop/v/1.6.10.185/static/css/flags.png HTTP/1.1" 200 78832 "http://mail.wt5mc.ephec-ti.be/rainloop/v/1.6.10.185/static/css/app.min.css" "Mozilla/5.0 (Windows NT 10.0; WOW64) AppleWebKit/537.36 (KHTML, like Gecko) Chrome/52.0.2743.116 Safari/537.36"
83.134.35.192 - - [23/Aug/2016:21:17:58 +0000] "POST /?/Ajax/&/s/=/0/ HTTP/1.1" 200 1176 "http://mail.wt5mc.ephec-ti.be/?/Admin/" "Mozilla/5.0 (X11; Fedora; Linux x86_64) AppleWebKit/537.36 (KHTML, like Gecko) Chrome/52.0.2743.116 Safari/537.36"
83.134.35.192 - - [23/Aug/2016:21:17:59 +0000] "POST /?/Ajax/&/s/=/0/ HTTP/1.1" 200 80 "http://mail.wt5mc.ephec-ti.be/?/Admin/" "Mozilla/5.0 (X11; Fedora; Linux x86_64) AppleWebKit/537.36 (KHTML, like Gecko) Chrome/52.0.2743.116 Safari/537.36"
62.235.172.132 - - [23/Aug/2016:21:17:59 +0000] "POST /?/Ajax/&/s/=/0/ HTTP/1.1" 200 86 "http://mail.wt5mc.ephec-ti.be/?/Admin/" "Mozilla/5.0 (Windows NT 10.0; WOW64) AppleWebKit/537.36 (KHTML, like Gecko) Chrome/52.0.2743.116 Safari/537.36"
83.134.35.192 - - [23/Aug/2016:21:18:02 +0000] "POST /?/Ajax/&/s/=/0/ HTTP/1.1" 200 87 "http://mail.wt5mc.ephec-ti.be/?/Admin/" "Mozilla/5.0 (X11; Fedora; Linux x86_64) AppleWebKit/537.36 (KHTML, like Gecko) Chrome/52.0.2743.116 Safari/537.36"
62.235.172.132 - - [23/Aug/2016:21:18:03 +0000] "POST /?/Ajax/&/s/=/0/ HTTP/1.1" 200 114 "http://mail.wt5mc.ephec-ti.be/?/Admin/" "Mozilla/5.0 (Windows NT 10.0; WOW64) AppleWebKit/537.36 (KHTML, like Gecko) Chrome/52.0.2743.116 Safari/537.36"
83.134.35.192 - - [23/Aug/2016:21:18:04 +0000] "POST /?/Ajax/&/s/=/0/ HTTP/1.1" 200 85 "http://mail.wt5mc.ephec-ti.be/?/Admin/" "Mozilla/5.0 (X11; Fedora; Linux x86_64) AppleWebKit/537.36 (KHTML, like Gecko) Chrome/52.0.2743.116 Safari/537.36"
83.134.35.192 - - [23/Aug/2016:21:19:11 +0000] "POST /?/Ajax/&/s/=/0/ HTTP/1.1" 200 86 "http://mail.wt5mc.ephec-ti.be/?/Admin/" "Mozilla/5.0 (X11; Fedora; Linux x86_64) AppleWebKit/537.36 (KHTML, like Gecko) Chrome/52.0.2743.116 Safari/537.36"
83.134.35.192 - - [23/Aug/2016:21:19:29 +0000] "POST /?/Ajax/&/s/=/0/ HTTP/1.1" 200 86 "http://mail.wt5mc.ephec-ti.be/?/Admin/" "Mozilla/5.0 (X11; Fedora; Linux x86_64) AppleWebKit/537.36 (KHTML, like Gecko) Chrome/52.0.2743.116 Safari/537.36"
83.134.35.192 - - [23/Aug/2016:21:19:50 +0000] "POST /?/Ajax/&/s/=/0/ HTTP/1.1" 200 86 "http://mail.wt5mc.ephec-ti.be/?/Admin/" "Mozilla/5.0 (X11; Fedora; Linux x86_64) AppleWebKit/537.36 (KHTML, like Gecko) Chrome/52.0.2743.116 Safari/537.36"
83.134.35.192 - - [23/Aug/2016:21:20:03 +0000] "POST /?/Ajax/&/s/=/0/ HTTP/1.1" 200 86 "http://mail.wt5mc.ephec-ti.be/?/Admin/" "Mozilla/5.0 (X11; Fedora; Linux x86_64) AppleWebKit/537.36 (KHTML, like Gecko) Chrome/52.0.2743.116 Safari/537.36"
83.134.35.192 - - [23/Aug/2016:21:20:04 +0000] "POST /?/Ajax/&/s/=/0/ HTTP/1.1" 200 152 "http://mail.wt5mc.ephec-ti.be/?/Admin/" "Mozilla/5.0 (X11; Fedora; Linux x86_64) AppleWebKit/537.36 (KHTML, like Gecko) Chrome/52.0.2743.116 Safari/537.36"
83.134.35.192 - - [23/Aug/2016:21:20:29 +0000] "POST /?/Ajax/&/s/=/0/ HTTP/1.1" 200 101 "http://mail.wt5mc.ephec-ti.be/?/Admin/" "Mozilla/5.0 (X11; Fedora; Linux x86_64) AppleWebKit/537.36 (KHTML, like Gecko) Chrome/52.0.2743.116 Safari/537.36"
83.134.35.192 - - [23/Aug/2016:21:20:46 +0000] "POST /?/Ajax/&/s/=/0/ HTTP/1.1" 200 80 "http://mail.wt5mc.ephec-ti.be/?/Admin/" "Mozilla/5.0 (X11; Fedora; Linux x86_64) AppleWebKit/537.36 (KHTML, like Gecko) Chrome/52.0.2743.116 Safari/537.36"
83.134.35.192 - - [23/Aug/2016:21:20:48 +0000] "GET /rainloop/v/1.6.10.185/static/css/images/rainloop-logo.png HTTP/1.1" 200 4750 "http://mail.wt5mc.ephec-ti.be/rainloop/v/1.6.10.185/static/css/app.min.css" "Mozilla/5.0 (X11; Fedora; Linux x86_64) AppleWebKit/537.36 (KHTML, like Gecko) Chrome/52.0.2743.116 Safari/537.36"
83.134.35.192 - - [23/Aug/2016:21:20:49 +0000] "POST /?/Ajax/&/s/=/0/ HTTP/1.1" 200 162 "http://mail.wt5mc.ephec-ti.be/?/Admin/" "Mozilla/5.0 (X11; Fedora; Linux x86_64) AppleWebKit/537.36 (KHTML, like Gecko) Chrome/52.0.2743.116 Safari/537.36"
83.134.35.192 - - [23/Aug/2016:21:20:59 +0000] "POST /?/Ajax/&/s/=/0/ HTTP/1.1" 200 86 "http://mail.wt5mc.ephec-ti.be/?/Admin/" "Mozilla/5.0 (X11; Fedora; Linux x86_64) AppleWebKit/537.36 (KHTML, like Gecko) Chrome/52.0.2743.116 Safari/537.36"
83.134.35.192 - - [23/Aug/2016:21:21:11 +0000] "POST /?/Ajax/&/s/=/0/ HTTP/1.1" 200 89 "http://mail.wt5mc.ephec-ti.be/?/Admin/" "Mozilla/5.0 (X11; Fedora; Linux x86_64) AppleWebKit/537.36 (KHTML, like Gecko) Chrome/52.0.2743.116 Safari/537.36"
83.134.35.192 - - [23/Aug/2016:21:21:12 +0000] "GET /?/Admin/ HTTP/1.1" 200 707 "http://mail.wt5mc.ephec-ti.be/?/Admin/" "Mozilla/5.0 (X11; Fedora; Linux x86_64) AppleWebKit/537.36 (KHTML, like Gecko) Chrome/52.0.2743.116 Safari/537.36"
83.134.35.192 - - [23/Aug/2016:21:21:12 +0000] "GET /rainloop/v/1.10.3.151/static/css/app.min.css?standard HTTP/1.1" 200 39473 "http://mail.wt5mc.ephec-ti.be/?/Admin/" "Mozilla/5.0 (X11; Fedora; Linux x86_64) AppleWebKit/537.36 (KHTML, like Gecko) Chrome/52.0.2743.116 Safari/537.36"
83.134.35.192 - - [23/Aug/2016:21:21:12 +0000] "GET /rainloop/v/1.10.3.151/static/js/min/boot.js?standard HTTP/1.1" 200 11604 "http://mail.wt5mc.ephec-ti.be/?/Admin/" "Mozilla/5.0 (X11; Fedora; Linux x86_64) AppleWebKit/537.36 (KHTML, like Gecko) Chrome/52.0.2743.116 Safari/537.36"
83.134.35.192 - - [23/Aug/2016:21:21:12 +0000] "GET /?/Css/0/Admin/-/Default/-/26f3359000d247602652935edfa66ace/Hash/-/ HTTP/1.1" 200 1120 "http://mail.wt5mc.ephec-ti.be/?/Admin/" "Mozilla/5.0 (X11; Fedora; Linux x86_64) AppleWebKit/537.36 (KHTML, like Gecko) Chrome/52.0.2743.116 Safari/537.36"
83.134.35.192 - - [23/Aug/2016:21:21:12 +0000] "GET /rainloop/v/1.10.3.151/themes/Default/images/background.jpg HTTP/1.1" 200 4988 "http://mail.wt5mc.ephec-ti.be/?/Css/0/Admin/-/Default/-/26f3359000d247602652935edfa66ace/Hash/-/" "Mozilla/5.0 (X11; Fedora; Linux x86_64) AppleWebKit/537.36 (KHTML, like Gecko) Chrome/52.0.2743.116 Safari/537.36"
83.134.35.192 - - [23/Aug/2016:21:21:12 +0000] "GET /?/AdminAppData@no-mobile-0/0/9925219988826517/ HTTP/1.1" 200 1608 "http://mail.wt5mc.ephec-ti.be/?/Admin/" "Mozilla/5.0 (X11; Fedora; Linux x86_64) AppleWebKit/537.36 (KHTML, like Gecko) Chrome/52.0.2743.116 Safari/537.36"
83.134.35.192 - - [23/Aug/2016:21:21:12 +0000] "GET /?/Templates/0/Admin/26f3359000d247602652935edfa66ace/ HTTP/1.1" 200 11600 "http://mail.wt5mc.ephec-ti.be/?/Admin/" "Mozilla/5.0 (X11; Fedora; Linux x86_64) AppleWebKit/537.36 (KHTML, like Gecko) Chrome/52.0.2743.116 Safari/537.36"
83.134.35.192 - - [23/Aug/2016:21:21:12 +0000] "GET /?/Lang/0/Admin/en_US/26f3359000d247602652935edfa66ace/ HTTP/1.1" 200 5968 "http://mail.wt5mc.ephec-ti.be/?/Admin/" "Mozilla/5.0 (X11; Fedora; Linux x86_64) AppleWebKit/537.36 (KHTML, like Gecko) Chrome/52.0.2743.116 Safari/537.36"
83.134.35.192 - - [23/Aug/2016:21:21:12 +0000] "GET /rainloop/v/1.10.3.151/static/js/min/libs.js?standard HTTP/1.1" 200 170906 "http://mail.wt5mc.ephec-ti.be/?/Admin/" "Mozilla/5.0 (X11; Fedora; Linux x86_64) AppleWebKit/537.36 (KHTML, like Gecko) Chrome/52.0.2743.116 Safari/537.36"
83.134.35.192 - - [23/Aug/2016:21:21:13 +0000] "GET /rainloop/v/1.10.3.151/static/js/min/admin.js?standard HTTP/1.1" 200 53527 "http://mail.wt5mc.ephec-ti.be/?/Admin/" "Mozilla/5.0 (X11; Fedora; Linux x86_64) AppleWebKit/537.36 (KHTML, like Gecko) Chrome/52.0.2743.116 Safari/537.36"
83.134.35.192 - - [23/Aug/2016:21:21:13 +0000] "GET /rainloop/v/1.10.3.151/static/ckeditor/ckeditor.js?standard HTTP/1.1" 200 151212 "http://mail.wt5mc.ephec-ti.be/?/Admin/" "Mozilla/5.0 (X11; Fedora; Linux x86_64) AppleWebKit/537.36 (KHTML, like Gecko) Chrome/52.0.2743.116 Safari/537.36"
83.134.35.192 - - [23/Aug/2016:21:21:13 +0000] "GET /rainloop/v/1.10.3.151/static/css/fonts/rainloop.woff HTTP/1.1" 200 14128 "http://mail.wt5mc.ephec-ti.be/rainloop/v/1.10.3.151/static/css/app.min.css?standard" "Mozilla/5.0 (X11; Fedora; Linux x86_64) AppleWebKit/537.36 (KHTML, like Gecko) Chrome/52.0.2743.116 Safari/537.36"
83.134.35.192 - - [23/Aug/2016:21:21:13 +0000] "GET /rainloop/v/1.10.3.151/static/apple-touch-icon.png?standard HTTP/1.1" 200 832 "http://mail.wt5mc.ephec-ti.be/?/Admin/" "Mozilla/5.0 (X11; Fedora; Linux x86_64) AppleWebKit/537.36 (KHTML, like Gecko) Chrome/52.0.2743.116 Safari/537.36"
83.134.35.192 - - [23/Aug/2016:21:21:20 +0000] "POST /?/Ajax/&q[]=/0/ HTTP/1.1" 200 78 "http://mail.wt5mc.ephec-ti.be/?/Admin/" "Mozilla/5.0 (X11; Fedora; Linux x86_64) AppleWebKit/537.36 (KHTML, like Gecko) Chrome/52.0.2743.116 Safari/537.36"
83.134.35.192 - - [23/Aug/2016:21:21:20 +0000] "GET /?/Admin/ HTTP/1.1" 200 707 "http://mail.wt5mc.ephec-ti.be/?/Admin/" "Mozilla/5.0 (X11; Fedora; Linux x86_64) AppleWebKit/537.36 (KHTML, like Gecko) Chrome/52.0.2743.116 Safari/537.36"
83.134.35.192 - - [23/Aug/2016:21:21:20 +0000] "GET /rainloop/v/1.10.3.151/static/css/app.min.css?standard HTTP/1.1" 304 0 "http://mail.wt5mc.ephec-ti.be/?/Admin/" "Mozilla/5.0 (X11; Fedora; Linux x86_64) AppleWebKit/537.36 (KHTML, like Gecko) Chrome/52.0.2743.116 Safari/537.36"
83.134.35.192 - - [23/Aug/2016:21:21:20 +0000] "GET /rainloop/v/1.10.3.151/static/js/min/boot.js?standard HTTP/1.1" 304 0 "http://mail.wt5mc.ephec-ti.be/?/Admin/" "Mozilla/5.0 (X11; Fedora; Linux x86_64) AppleWebKit/537.36 (KHTML, like Gecko) Chrome/52.0.2743.116 Safari/537.36"
83.134.35.192 - - [23/Aug/2016:21:21:20 +0000] "GET /?/Css/0/Admin/-/Default/-/26f3359000d247602652935edfa66ace/Hash/-/ HTTP/1.1" 304 0 "http://mail.wt5mc.ephec-ti.be/?/Admin/" "Mozilla/5.0 (X11; Fedora; Linux x86_64) AppleWebKit/537.36 (KHTML, like Gecko) Chrome/52.0.2743.116 Safari/537.36"
83.134.35.192 - - [23/Aug/2016:21:21:20 +0000] "GET /rainloop/v/1.10.3.151/themes/Default/images/background.jpg HTTP/1.1" 304 0 "http://mail.wt5mc.ephec-ti.be/?/Admin/" "Mozilla/5.0 (X11; Fedora; Linux x86_64) AppleWebKit/537.36 (KHTML, like Gecko) Chrome/52.0.2743.116 Safari/537.36"
83.134.35.192 - - [23/Aug/2016:21:21:20 +0000] "GET /?/AdminAppData@no-mobile-0/0/16707007547489972/ HTTP/1.1" 200 1952 "http://mail.wt5mc.ephec-ti.be/?/Admin/" "Mozilla/5.0 (X11; Fedora; Linux x86_64) AppleWebKit/537.36 (KHTML, like Gecko) Chrome/52.0.2743.116 Safari/537.36"
83.134.35.192 - - [23/Aug/2016:21:21:20 +0000] "GET /rainloop/v/1.10.3.151/static/js/min/libs.js?standard HTTP/1.1" 304 0 "http://mail.wt5mc.ephec-ti.be/?/Admin/" "Mozilla/5.0 (X11; Fedora; Linux x86_64) AppleWebKit/537.36 (KHTML, like Gecko) Chrome/52.0.2743.116 Safari/537.36"
83.134.35.192 - - [23/Aug/2016:21:21:20 +0000] "GET /?/Templates/0/Admin/26f3359000d247602652935edfa66ace/ HTTP/1.1" 304 0 "http://mail.wt5mc.ephec-ti.be/?/Admin/" "Mozilla/5.0 (X11; Fedora; Linux x86_64) AppleWebKit/537.36 (KHTML, like Gecko) Chrome/52.0.2743.116 Safari/537.36"
83.134.35.192 - - [23/Aug/2016:21:21:20 +0000] "GET /?/Lang/0/Admin/en_US/26f3359000d247602652935edfa66ace/ HTTP/1.1" 304 0 "http://mail.wt5mc.ephec-ti.be/?/Admin/" "Mozilla/5.0 (X11; Fedora; Linux x86_64) AppleWebKit/537.36 (KHTML, like Gecko) Chrome/52.0.2743.116 Safari/537.36"
83.134.35.192 - - [23/Aug/2016:21:21:20 +0000] "GET /rainloop/v/1.10.3.151/static/js/min/admin.js?standard HTTP/1.1" 304 0 "http://mail.wt5mc.ephec-ti.be/?/Admin/" "Mozilla/5.0 (X11; Fedora; Linux x86_64) AppleWebKit/537.36 (KHTML, like Gecko) Chrome/52.0.2743.116 Safari/537.36"
83.134.35.192 - - [23/Aug/2016:21:21:20 +0000] "GET /rainloop/v/1.10.3.151/static/ckeditor/ckeditor.js?standard HTTP/1.1" 304 0 "http://mail.wt5mc.ephec-ti.be/?/Admin/" "Mozilla/5.0 (X11; Fedora; Linux x86_64) AppleWebKit/537.36 (KHTML, like Gecko) Chrome/52.0.2743.116 Safari/537.36"
83.134.35.192 - - [23/Aug/2016:21:21:21 +0000] "GET /rainloop/v/1.10.3.151/static/css/fonts/rainloop.woff HTTP/1.1" 304 0 "http://mail.wt5mc.ephec-ti.be/?/Admin/" "Mozilla/5.0 (X11; Fedora; Linux x86_64) AppleWebKit/537.36 (KHTML, like Gecko) Chrome/52.0.2743.116 Safari/537.36"
