62.235.101.47 - - [21/Aug/2016:17:52:33 +0000] "GET / HTTP/1.1" 200 612 "-" "Mozilla/5.0 (X11; Ubuntu; Linux i686; rv:41.0) Gecko/20100101 Firefox/41.0" "-"
62.235.101.47 - - [21/Aug/2016:18:08:13 +0000] "GET / HTTP/1.1" 200 612 "-" "Mozilla/5.0 (Windows NT 10.0; WOW64) AppleWebKit/537.36 (KHTML, like Gecko) Chrome/52.0.2743.116 Safari/537.36" "-"
62.235.101.47 - - [21/Aug/2016:18:22:57 +0000] "GET / HTTP/1.1" 200 612 "-" "Mozilla/5.0 (Windows NT 10.0; WOW64) AppleWebKit/537.36 (KHTML, like Gecko) Chrome/52.0.2743.116 Safari/537.36" "-"
62.235.101.47 - - [21/Aug/2016:18:24:32 +0000] "GET /favicon.ico HTTP/1.1" 404 571 "http://b2b.wt5mc.ephec-ti.be/" "Mozilla/5.0 (Windows NT 10.0; WOW64) AppleWebKit/537.36 (KHTML, like Gecko) Chrome/52.0.2743.116 Safari/537.36" "-"
62.235.101.47 - - [21/Aug/2016:18:24:33 +0000] "GET / HTTP/1.1" 304 0 "-" "Mozilla/5.0 (Windows NT 10.0; WOW64) AppleWebKit/537.36 (KHTML, like Gecko) Chrome/52.0.2743.116 Safari/537.36" "-"
62.235.101.47 - - [21/Aug/2016:18:24:55 +0000] "GET / HTTP/1.1" 200 612 "-" "Mozilla/5.0 (X11; Ubuntu; Linux i686; rv:41.0) Gecko/20100101 Firefox/41.0" "-"
62.235.101.47 - - [21/Aug/2016:18:24:55 +0000] "GET /favicon.ico HTTP/1.1" 404 169 "-" "Mozilla/5.0 (X11; Ubuntu; Linux i686; rv:41.0) Gecko/20100101 Firefox/41.0" "-"
62.235.101.47 - - [21/Aug/2016:18:24:55 +0000] "GET /favicon.ico HTTP/1.1" 404 169 "-" "Mozilla/5.0 (X11; Ubuntu; Linux i686; rv:41.0) Gecko/20100101 Firefox/41.0" "-"
62.235.101.47 - - [21/Aug/2016:18:30:18 +0000] "GET / HTTP/1.1" 304 0 "-" "Mozilla/5.0 (Windows NT 10.0; WOW64) AppleWebKit/537.36 (KHTML, like Gecko) Chrome/52.0.2743.116 Safari/537.36" "-"
62.235.101.47 - - [21/Aug/2016:18:30:19 +0000] "GET / HTTP/1.1" 304 0 "-" "Mozilla/5.0 (Windows NT 10.0; WOW64) AppleWebKit/537.36 (KHTML, like Gecko) Chrome/52.0.2743.116 Safari/537.36" "-"
62.235.101.47 - - [21/Aug/2016:18:30:31 +0000] "GET / HTTP/1.1" 304 0 "-" "Mozilla/5.0 (Windows NT 10.0; WOW64) AppleWebKit/537.36 (KHTML, like Gecko) Chrome/52.0.2743.116 Safari/537.36" "-"
62.235.101.47 - - [21/Aug/2016:18:30:37 +0000] "GET / HTTP/1.1" 200 612 "-" "Mozilla/5.0 (Windows NT 10.0; WOW64) AppleWebKit/537.36 (KHTML, like Gecko) Chrome/52.0.2743.116 Safari/537.36" "-"
62.235.101.47 - - [21/Aug/2016:18:30:38 +0000] "GET /favicon.ico HTTP/1.1" 404 571 "http://b2b.wt5mc.ephec-ti.be/" "Mozilla/5.0 (Windows NT 10.0; WOW64) AppleWebKit/537.36 (KHTML, like Gecko) Chrome/52.0.2743.116 Safari/537.36" "-"
62.235.101.47 - - [21/Aug/2016:18:30:39 +0000] "GET / HTTP/1.1" 304 0 "-" "Mozilla/5.0 (Windows NT 10.0; WOW64) AppleWebKit/537.36 (KHTML, like Gecko) Chrome/52.0.2743.116 Safari/537.36" "-"
62.235.101.47 - - [21/Aug/2016:18:42:42 +0000] "GET /favicon.ico HTTP/1.1" 404 571 "http://www.wt5mc.ephec-ti.be/" "Mozilla/5.0 (Windows NT 10.0; WOW64) AppleWebKit/537.36 (KHTML, like Gecko) Chrome/52.0.2743.116 Safari/537.36" "-"
141.212.122.16 - - [21/Aug/2016:19:44:07 +0000] "GET /x HTTP/1.1" 400 173 "-" "Telesphoreo" "-"
62.175.202.112 - - [21/Aug/2016:21:44:44 +0000] "GET / HTTP/1.1" 200 612 "-" "curl/7.17.1 (mips-unknown-linux-gnu) libcurl/7.17.1 OpenSSL/0.9.8i zlib/1.2.3" "-"
192.99.144.140 - - [21/Aug/2016:23:41:42 +0000] "PROPFIND /webdav/ HTTP/1.1" 405 173 "-" "WEBDAV Client" "-"
66.111.57.50 - - [22/Aug/2016:00:43:35 +0000] "GET /phpMyAdmin/scripts/setup.php HTTP/1.0" 404 169 "-" "-" "-"
212.4.132.126 - - [22/Aug/2016:03:56:17 +0000] "GET / HTTP/1.1" 200 612 "-" "curl/7.17.1 (mips-unknown-linux-gnu) libcurl/7.17.1 OpenSSL/0.9.8i zlib/1.2.3" "-"
162.243.65.90 - - [22/Aug/2016:06:02:11 +0000] "GET / HTTP/1.0" 200 612 "-" "-" "-"
61.240.144.64 - - [22/Aug/2016:06:35:48 +0000] "GET / HTTP/1.0" 200 612 "-" "masscan/1.0 (https://github.com/robertdavidgraham/masscan)" "-"
176.31.43.1 - - [22/Aug/2016:08:03:05 +0000] "GET /w00tw00t.at.ISC.SANS.DFind:) HTTP/1.1" 400 173 "-" "-" "-"
106.39.60.188 - - [22/Aug/2016:08:13:17 +0000] "GET / HTTP/1.1" 200 612 "-" "Mozilla/5.0 (iPad; U; CPU OS 4_3_3 like Mac OS X; en-us) AppleWebKit/533.17.9 (KHTML, like Gecko) Version/5.0.2 Mobile/8J2 Safari/6533.18.5" "-"
106.39.60.188 - - [22/Aug/2016:08:13:19 +0000] "GET / HTTP/1.1" 200 612 "-" "Mozilla/4.0 (compatible; MSIE 7.0; Windows NT 5.1; Maxthon 2.0)" "-"
82.165.129.182 - - [22/Aug/2016:11:42:40 +0000] "GET /w00tw00t.at.ISC.SANS.DFind:) HTTP/1.1" 400 173 "-" "-" "-"
78.164.222.233 - - [22/Aug/2016:12:30:11 +0000] "GET / HTTP/1.1" 200 612 "-" "Mozilla" "-"
66.111.57.50 - - [22/Aug/2016:12:36:13 +0000] "GET /myadmin/scripts/setup.php HTTP/1.0" 404 169 "-" "-" "-"
37.122.140.207 - - [22/Aug/2016:13:36:23 +0000] "GET / HTTP/1.1" 200 612 "-" "Mozilla" "-"
37.122.140.207 - - [22/Aug/2016:13:38:16 +0000] "GET / HTTP/1.1" 200 612 "-" "Mozilla" "-"
37.122.140.207 - - [22/Aug/2016:13:39:58 +0000] "GET / HTTP/1.1" 200 612 "-" "Mozilla" "-"
37.122.140.207 - - [22/Aug/2016:13:46:19 +0000] "\xEF\xBB\xBFGET / HTTP/1.1" 400 173 "-" "-" "-"
37.122.140.207 - - [22/Aug/2016:13:50:23 +0000] "\xEF\xBB\xBFGET / HTTP/1.1" 400 173 "-" "-" "-"
37.122.140.207 - - [22/Aug/2016:13:51:19 +0000] "\xEF\xBB\xBFGET / HTTP/1.1" 400 173 "-" "-" "-"
177.184.81.190 - - [22/Aug/2016:15:11:42 +0000] "GET / HTTP/1.1" 200 612 "-" "curl/7.17.1 (mips-unknown-linux-gnu) libcurl/7.17.1 OpenSSL/0.9.8i zlib/1.2.3" "-"
141.212.122.80 - - [22/Aug/2016:15:13:13 +0000] "GET / HTTP/1.1" 200 612 "-" "Mozilla/5.0 zgrab/0.x" "-"
120.132.50.135 - - [22/Aug/2016:16:02:30 +0000] "GET http://www.qunar.com/ HTTP/1.1" 200 612 "-" "Mozilla/5.0 (Windows NT 6.1; WOW64; rv:29.0) Gecko/20100101 Firefox/29.0" "-"
37.122.140.207 - - [22/Aug/2016:16:16:48 +0000] "\xEF\xBB\xBFGET / HTTP/1.1" 400 173 "-" "-" "-"
37.122.140.207 - - [22/Aug/2016:16:43:03 +0000] "\xEF\xBB\xBFGET / HTTP/1.1" 400 173 "-" "-" "-"
192.99.144.140 - - [22/Aug/2016:18:50:50 +0000] "PROPFIND /webdav/ HTTP/1.1" 405 173 "-" "WEBDAV Client" "-"
178.33.33.216 - - [22/Aug/2016:22:28:21 +0000] "GET /w00tw00t.at.ISC.SANS.DFind:) HTTP/1.1" 400 173 "-" "-" "-"
89.237.106.242 - - [22/Aug/2016:22:49:31 +0000] "GET / HTTP/1.0" 200 612 "-" "masscan/1.0 (https://github.com/robertdavidgraham/masscan)" "-"
5.28.176.83 - - [22/Aug/2016:23:10:38 +0000] "GET / HTTP/1.0" 200 612 "-" "masscan/1.0 (https://github.com/robertdavidgraham/masscan)" "-"
128.232.110.28 - - [23/Aug/2016:00:09:17 +0000] "GET / HTTP/1.1" 200 612 "-" "Mozilla/5.0 zgrab/0.x" "-"
66.111.57.50 - - [23/Aug/2016:00:38:19 +0000] "GET /pma/scripts/setup.php HTTP/1.0" 404 169 "-" "-" "-"
31.13.110.127 - - [23/Aug/2016:07:14:59 +0000] "GET / HTTP/1.1" 206 612 "-" "facebookexternalhit/1.1 (+http://www.facebook.com/externalhit_uatext.php)" "-"
62.235.235.75 - - [23/Aug/2016:07:21:38 +0000] "GET / HTTP/1.1" 200 612 "-" "Mozilla/5.0 (X11; Fedora; Linux x86_64) AppleWebKit/537.36 (KHTML, like Gecko) Chrome/52.0.2743.116 Safari/537.36" "-"
62.235.235.75 - - [23/Aug/2016:07:21:38 +0000] "GET /favicon.ico HTTP/1.1" 404 571 "http://www.wt5mc.ephec-ti.be/" "Mozilla/5.0 (X11; Fedora; Linux x86_64) AppleWebKit/537.36 (KHTML, like Gecko) Chrome/52.0.2743.116 Safari/537.36" "-"
62.235.235.75 - - [23/Aug/2016:07:22:50 +0000] "GET / HTTP/1.1" 200 612 "-" "Mozilla/5.0 (X11; Fedora; Linux x86_64) AppleWebKit/537.36 (KHTML, like Gecko) Chrome/52.0.2743.116 Safari/537.36" "-"
62.235.235.75 - - [23/Aug/2016:07:22:50 +0000] "GET /favicon.ico HTTP/1.1" 404 571 "http://intranet.wt5mc.ephec-ti.be/" "Mozilla/5.0 (X11; Fedora; Linux x86_64) AppleWebKit/537.36 (KHTML, like Gecko) Chrome/52.0.2743.116 Safari/537.36" "-"
62.235.172.132 - - [23/Aug/2016:07:23:34 +0000] "GET / HTTP/1.1" 200 612 "-" "Mozilla/5.0 (X11; Ubuntu; Linux i686; rv:41.0) Gecko/20100101 Firefox/41.0" "-"
62.235.172.132 - - [23/Aug/2016:07:23:34 +0000] "GET /favicon.ico HTTP/1.1" 404 169 "-" "Mozilla/5.0 (X11; Ubuntu; Linux i686; rv:41.0) Gecko/20100101 Firefox/41.0" "-"
62.235.172.132 - - [23/Aug/2016:07:23:35 +0000] "GET /favicon.ico HTTP/1.1" 404 169 "-" "Mozilla/5.0 (X11; Ubuntu; Linux i686; rv:41.0) Gecko/20100101 Firefox/41.0" "-"
62.235.172.132 - - [23/Aug/2016:07:23:40 +0000] "GET / HTTP/1.1" 200 612 "-" "Mozilla/5.0 (X11; Ubuntu; Linux i686; rv:41.0) Gecko/20100101 Firefox/41.0" "-"
62.235.172.132 - - [23/Aug/2016:07:23:40 +0000] "GET /favicon.ico HTTP/1.1" 404 169 "-" "Mozilla/5.0 (X11; Ubuntu; Linux i686; rv:41.0) Gecko/20100101 Firefox/41.0" "-"
62.235.172.132 - - [23/Aug/2016:07:23:40 +0000] "GET /favicon.ico HTTP/1.1" 404 169 "-" "Mozilla/5.0 (X11; Ubuntu; Linux i686; rv:41.0) Gecko/20100101 Firefox/41.0" "-"
62.235.172.132 - - [23/Aug/2016:07:23:42 +0000] "GET / HTTP/1.1" 304 0 "-" "Mozilla/5.0 (X11; Ubuntu; Linux i686; rv:41.0) Gecko/20100101 Firefox/41.0" "-"
62.235.172.132 - - [23/Aug/2016:07:23:42 +0000] "GET / HTTP/1.1" 304 0 "-" "Mozilla/5.0 (X11; Ubuntu; Linux i686; rv:41.0) Gecko/20100101 Firefox/41.0" "-"
62.235.235.75 - - [23/Aug/2016:07:27:37 +0000] "GET / HTTP/1.1" 304 0 "-" "Mozilla/5.0 (X11; Fedora; Linux x86_64) AppleWebKit/537.36 (KHTML, like Gecko) Chrome/52.0.2743.116 Safari/537.36" "-"
62.235.235.75 - - [23/Aug/2016:07:35:36 +0000] "GET / HTTP/1.1" 502 575 "-" "Mozilla/5.0 (X11; Fedora; Linux x86_64) AppleWebKit/537.36 (KHTML, like Gecko) Chrome/52.0.2743.116 Safari/537.36"
62.235.172.132 - - [23/Aug/2016:07:35:51 +0000] "GET / HTTP/1.1" 502 173 "-" "Mozilla/5.0 (X11; Ubuntu; Linux i686; rv:41.0) Gecko/20100101 Firefox/41.0"
62.235.235.75 - - [23/Aug/2016:07:39:53 +0000] "GET / HTTP/1.1" 502 575 "-" "Mozilla/5.0 (X11; Fedora; Linux x86_64) AppleWebKit/537.36 (KHTML, like Gecko) Chrome/52.0.2743.116 Safari/537.36"
62.235.235.75 - - [23/Aug/2016:07:42:13 +0000] "GET / HTTP/1.1" 502 575 "-" "Mozilla/5.0 (X11; Fedora; Linux x86_64) AppleWebKit/537.36 (KHTML, like Gecko) Chrome/52.0.2743.116 Safari/537.36"
62.235.235.75 - - [23/Aug/2016:07:42:15 +0000] "GET / HTTP/1.1" 502 575 "-" "Mozilla/5.0 (X11; Fedora; Linux x86_64) AppleWebKit/537.36 (KHTML, like Gecko) Chrome/52.0.2743.116 Safari/537.36"
62.235.235.75 - - [23/Aug/2016:07:42:16 +0000] "GET / HTTP/1.1" 502 575 "-" "Mozilla/5.0 (X11; Fedora; Linux x86_64) AppleWebKit/537.36 (KHTML, like Gecko) Chrome/52.0.2743.116 Safari/537.36"
62.235.235.75 - - [23/Aug/2016:07:42:16 +0000] "GET / HTTP/1.1" 502 575 "-" "Mozilla/5.0 (X11; Fedora; Linux x86_64) AppleWebKit/537.36 (KHTML, like Gecko) Chrome/52.0.2743.116 Safari/537.36"
62.235.172.132 - - [23/Aug/2016:07:42:22 +0000] "GET / HTTP/1.1" 502 173 "-" "Mozilla/5.0 (X11; Ubuntu; Linux i686; rv:41.0) Gecko/20100101 Firefox/41.0"
62.235.235.75 - - [23/Aug/2016:07:46:13 +0000] "GET / HTTP/1.1" 502 575 "-" "Mozilla/5.0 (X11; Fedora; Linux x86_64) AppleWebKit/537.36 (KHTML, like Gecko) Chrome/52.0.2743.116 Safari/537.36"
62.235.235.75 - - [23/Aug/2016:07:46:13 +0000] "GET /favicon.ico HTTP/1.1" 502 575 "http://b2b.wt5mc.ephec-ti.be/" "Mozilla/5.0 (X11; Fedora; Linux x86_64) AppleWebKit/537.36 (KHTML, like Gecko) Chrome/52.0.2743.116 Safari/537.36"
62.235.235.75 - - [23/Aug/2016:07:47:05 +0000] "GET / HTTP/1.1" 502 575 "-" "Mozilla/5.0 (X11; Fedora; Linux x86_64) AppleWebKit/537.36 (KHTML, like Gecko) Chrome/52.0.2743.116 Safari/537.36"
62.235.235.75 - - [23/Aug/2016:07:47:05 +0000] "GET /favicon.ico HTTP/1.1" 502 575 "http://b2b.wt5mc.ephec-ti.be/" "Mozilla/5.0 (X11; Fedora; Linux x86_64) AppleWebKit/537.36 (KHTML, like Gecko) Chrome/52.0.2743.116 Safari/537.36"
62.235.235.75 - - [23/Aug/2016:07:51:01 +0000] "GET / HTTP/1.1" 403 571 "-" "Mozilla/5.0 (X11; Fedora; Linux x86_64) AppleWebKit/537.36 (KHTML, like Gecko) Chrome/52.0.2743.116 Safari/537.36"
62.235.235.75 - - [23/Aug/2016:07:51:08 +0000] "GET / HTTP/1.1" 502 575 "-" "Mozilla/5.0 (X11; Fedora; Linux x86_64) AppleWebKit/537.36 (KHTML, like Gecko) Chrome/52.0.2743.116 Safari/537.36"
62.235.235.75 - - [23/Aug/2016:07:51:13 +0000] "GET / HTTP/1.1" 403 571 "-" "Mozilla/5.0 (X11; Fedora; Linux x86_64) AppleWebKit/537.36 (KHTML, like Gecko) Chrome/52.0.2743.116 Safari/537.36"
62.235.172.132 - - [23/Aug/2016:07:51:13 +0000] "GET / HTTP/1.1" 403 169 "-" "Mozilla/5.0 (X11; Ubuntu; Linux i686; rv:41.0) Gecko/20100101 Firefox/41.0"
62.235.235.75 - - [23/Aug/2016:07:56:07 +0000] "GET / HTTP/1.1" 403 571 "-" "Mozilla/5.0 (X11; Fedora; Linux x86_64) AppleWebKit/537.36 (KHTML, like Gecko) Chrome/52.0.2743.116 Safari/537.36"
62.235.235.75 - - [23/Aug/2016:07:56:09 +0000] "GET / HTTP/1.1" 502 575 "-" "Mozilla/5.0 (X11; Fedora; Linux x86_64) AppleWebKit/537.36 (KHTML, like Gecko) Chrome/52.0.2743.116 Safari/537.36"
62.235.235.75 - - [23/Aug/2016:07:56:49 +0000] "GET / HTTP/1.1" 502 575 "-" "Mozilla/5.0 (X11; Fedora; Linux x86_64) AppleWebKit/537.36 (KHTML, like Gecko) Chrome/52.0.2743.116 Safari/537.36"
62.235.235.75 - - [23/Aug/2016:07:56:49 +0000] "GET / HTTP/1.1" 502 575 "-" "Mozilla/5.0 (X11; Fedora; Linux x86_64) AppleWebKit/537.36 (KHTML, like Gecko) Chrome/52.0.2743.116 Safari/537.36"
62.235.172.132 - - [23/Aug/2016:07:59:13 +0000] "GET / HTTP/1.1" 403 169 "-" "Mozilla/5.0 (X11; Ubuntu; Linux i686; rv:41.0) Gecko/20100101 Firefox/41.0"
62.235.235.75 - - [23/Aug/2016:08:10:13 +0000] "GET / HTTP/1.1" 502 575 "-" "Mozilla/5.0 (X11; Fedora; Linux x86_64) AppleWebKit/537.36 (KHTML, like Gecko) Chrome/52.0.2743.116 Safari/537.36"
62.235.172.132 - - [23/Aug/2016:08:11:18 +0000] "GET / HTTP/1.1" 502 173 "-" "Mozilla/5.0 (X11; Ubuntu; Linux i686; rv:41.0) Gecko/20100101 Firefox/41.0"
62.235.172.132 - - [23/Aug/2016:08:11:19 +0000] "GET / HTTP/1.1" 502 173 "-" "Mozilla/5.0 (X11; Ubuntu; Linux i686; rv:41.0) Gecko/20100101 Firefox/41.0"
62.235.235.75 - - [23/Aug/2016:08:12:15 +0000] "GET / HTTP/1.1" 502 575 "-" "Mozilla/5.0 (X11; Fedora; Linux x86_64) AppleWebKit/537.36 (KHTML, like Gecko) Chrome/52.0.2743.116 Safari/537.36"
62.235.235.75 - - [23/Aug/2016:08:14:05 +0000] "GET / HTTP/1.1" 200 133 "-" "Mozilla/5.0 (X11; Fedora; Linux x86_64) AppleWebKit/537.36 (KHTML, like Gecko) Chrome/52.0.2743.116 Safari/537.36"
62.235.172.132 - - [23/Aug/2016:08:14:29 +0000] "GET / HTTP/1.1" 200 133 "-" "Mozilla/5.0 (X11; Ubuntu; Linux i686; rv:41.0) Gecko/20100101 Firefox/41.0"
62.235.235.75 - - [23/Aug/2016:08:15:12 +0000] "GET / HTTP/1.1" 200 133 "-" "Mozilla/5.0 (X11; Fedora; Linux x86_64) AppleWebKit/537.36 (KHTML, like Gecko) Chrome/52.0.2743.116 Safari/537.36"
62.235.172.132 - - [23/Aug/2016:08:15:19 +0000] "GET / HTTP/1.1" 200 133 "-" "Mozilla/5.0 (X11; Ubuntu; Linux i686; rv:41.0) Gecko/20100101 Firefox/41.0"
62.235.235.75 - - [23/Aug/2016:08:15:40 +0000] "GET / HTTP/1.1" 403 571 "-" "Mozilla/5.0 (X11; Fedora; Linux x86_64) AppleWebKit/537.36 (KHTML, like Gecko) Chrome/52.0.2743.116 Safari/537.36"
62.235.172.132 - - [23/Aug/2016:08:15:45 +0000] "GET / HTTP/1.1" 403 169 "-" "Mozilla/5.0 (X11; Ubuntu; Linux i686; rv:41.0) Gecko/20100101 Firefox/41.0"
62.235.235.75 - - [23/Aug/2016:08:15:45 +0000] "GET / HTTP/1.1" 200 133 "-" "Mozilla/5.0 (X11; Fedora; Linux x86_64) AppleWebKit/537.36 (KHTML, like Gecko) Chrome/52.0.2743.116 Safari/537.36"
62.235.235.75 - - [23/Aug/2016:08:15:46 +0000] "GET /favicon.ico HTTP/1.1" 404 296 "http://b2b.wt5mc.ephec-ti.be/" "Mozilla/5.0 (X11; Fedora; Linux x86_64) AppleWebKit/537.36 (KHTML, like Gecko) Chrome/52.0.2743.116 Safari/537.36"
162.243.64.116 - - [23/Aug/2016:08:35:00 +0000] "GET / HTTP/1.0" 200 163 "-" "-"
62.235.235.75 - - [23/Aug/2016:08:38:12 +0000] "GET / HTTP/1.1" 200 133 "-" "Mozilla/5.0 (X11; Fedora; Linux x86_64) AppleWebKit/537.36 (KHTML, like Gecko) Chrome/52.0.2743.116 Safari/537.36"
62.235.235.75 - - [23/Aug/2016:08:38:12 +0000] "GET /favicon.ico HTTP/1.1" 404 296 "http://www.wt5mc.ephec-ti.be/" "Mozilla/5.0 (X11; Fedora; Linux x86_64) AppleWebKit/537.36 (KHTML, like Gecko) Chrome/52.0.2743.116 Safari/537.36"
62.235.172.132 - - [23/Aug/2016:08:38:30 +0000] "GET / HTTP/1.1" 200 133 "-" "Mozilla/5.0 (Windows NT 10.0; WOW64) AppleWebKit/537.36 (KHTML, like Gecko) Chrome/52.0.2743.116 Safari/537.36"
62.235.172.132 - - [23/Aug/2016:08:38:31 +0000] "GET /favicon.ico HTTP/1.1" 404 296 "http://b2b.wt5mc.ephec-ti.be/" "Mozilla/5.0 (Windows NT 10.0; WOW64) AppleWebKit/537.36 (KHTML, like Gecko) Chrome/52.0.2743.116 Safari/537.36"
62.235.235.75 - - [23/Aug/2016:08:38:40 +0000] "GET / HTTP/1.1" 200 133 "-" "Mozilla/5.0 (X11; Fedora; Linux x86_64) AppleWebKit/537.36 (KHTML, like Gecko) Chrome/52.0.2743.116 Safari/537.36"
62.235.172.132 - - [23/Aug/2016:08:40:10 +0000] "GET / HTTP/1.1" 200 133 "-" "Mozilla/5.0 (X11; Ubuntu; Linux i686; rv:41.0) Gecko/20100101 Firefox/41.0"
37.122.140.207 - - [23/Aug/2016:08:40:34 +0000] "\xEF\xBB\xBFGET / HTTP/1.1" 400 173 "-" "-"
62.235.235.75 - - [23/Aug/2016:08:44:01 +0000] "GET / HTTP/1.1" 200 133 "-" "Mozilla/5.0 (X11; Fedora; Linux x86_64) AppleWebKit/537.36 (KHTML, like Gecko) Chrome/52.0.2743.116 Safari/537.36"
62.235.235.75 - - [23/Aug/2016:08:45:25 +0000] "GET / HTTP/1.1" 200 191 "-" "Mozilla/5.0 (X11; Fedora; Linux x86_64) AppleWebKit/537.36 (KHTML, like Gecko) Chrome/52.0.2743.116 Safari/537.36"
62.235.235.75 - - [23/Aug/2016:08:45:25 +0000] "GET /favicon.ico HTTP/1.1" 200 191 "http://webmin.wt5mc.ephec-ti.be/" "Mozilla/5.0 (X11; Fedora; Linux x86_64) AppleWebKit/537.36 (KHTML, like Gecko) Chrome/52.0.2743.116 Safari/537.36"
62.235.172.132 - - [23/Aug/2016:09:08:42 +0000] "GET / HTTP/1.1" 500 0 "-" "Mozilla/5.0 (Windows NT 10.0; WOW64) AppleWebKit/537.36 (KHTML, like Gecko) Chrome/52.0.2743.116 Safari/537.36"
62.235.172.132 - - [23/Aug/2016:09:08:45 +0000] "GET / HTTP/1.1" 500 0 "-" "Mozilla/5.0 (Windows NT 10.0; WOW64) AppleWebKit/537.36 (KHTML, like Gecko) Chrome/52.0.2743.116 Safari/537.36"
62.235.172.132 - - [23/Aug/2016:09:08:46 +0000] "GET / HTTP/1.1" 500 0 "-" "Mozilla/5.0 (Windows NT 10.0; WOW64) AppleWebKit/537.36 (KHTML, like Gecko) Chrome/52.0.2743.116 Safari/537.36"
62.235.172.132 - - [23/Aug/2016:09:08:47 +0000] "GET / HTTP/1.1" 500 0 "-" "Mozilla/5.0 (Windows NT 10.0; WOW64) AppleWebKit/537.36 (KHTML, like Gecko) Chrome/52.0.2743.116 Safari/537.36"
62.235.172.132 - - [23/Aug/2016:09:09:06 +0000] "GET / HTTP/1.1" 500 0 "-" "Mozilla/5.0 (Windows NT 10.0; WOW64) AppleWebKit/537.36 (KHTML, like Gecko) Chrome/52.0.2743.116 Safari/537.36"
62.235.172.132 - - [23/Aug/2016:09:10:58 +0000] "GET / HTTP/1.1" 200 189 "-" "Mozilla/5.0 (Windows NT 10.0; WOW64) AppleWebKit/537.36 (KHTML, like Gecko) Chrome/52.0.2743.116 Safari/537.36"
62.235.235.75 - - [23/Aug/2016:09:11:14 +0000] "GET / HTTP/1.1" 200 3078 "-" "Mozilla/5.0 (X11; Fedora; Linux x86_64) AppleWebKit/537.36 (KHTML, like Gecko) Chrome/52.0.2743.116 Safari/537.36"
62.235.235.75 - - [23/Aug/2016:09:11:14 +0000] "GET /icons/openlogo-75.png HTTP/1.1" 200 5754 "http://webmin.wt5mc.ephec-ti.be/" "Mozilla/5.0 (X11; Fedora; Linux x86_64) AppleWebKit/537.36 (KHTML, like Gecko) Chrome/52.0.2743.116 Safari/537.36"
62.235.235.75 - - [23/Aug/2016:09:11:14 +0000] "GET /favicon.ico HTTP/1.1" 404 301 "http://webmin.wt5mc.ephec-ti.be/" "Mozilla/5.0 (X11; Fedora; Linux x86_64) AppleWebKit/537.36 (KHTML, like Gecko) Chrome/52.0.2743.116 Safari/537.36"
62.235.235.75 - - [23/Aug/2016:09:11:14 +0000] "GET / HTTP/1.1" 200 189 "-" "Mozilla/5.0 (X11; Fedora; Linux x86_64) AppleWebKit/537.36 (KHTML, like Gecko) Chrome/52.0.2743.116 Safari/537.36"
62.235.235.75 - - [23/Aug/2016:09:11:15 +0000] "GET /favicon.ico HTTP/1.1" 404 296 "http://b2b.wt5mc.ephec-ti.be/" "Mozilla/5.0 (X11; Fedora; Linux x86_64) AppleWebKit/537.36 (KHTML, like Gecko) Chrome/52.0.2743.116 Safari/537.36"
62.235.235.75 - - [23/Aug/2016:09:12:43 +0000] "GET / HTTP/1.1" 200 192 "-" "Mozilla/5.0 (X11; Fedora; Linux x86_64) AppleWebKit/537.36 (KHTML, like Gecko) Chrome/52.0.2743.116 Safari/537.36"
62.235.235.75 - - [23/Aug/2016:09:16:08 +0000] "GET / HTTP/1.1" 200 173 "-" "Mozilla/5.0 (X11; Fedora; Linux x86_64) AppleWebKit/537.36 (KHTML, like Gecko) Chrome/52.0.2743.116 Safari/537.36"
62.235.172.132 - - [23/Aug/2016:09:19:33 +0000] "GET / HTTP/1.1" 500 0 "-" "Mozilla/5.0 (Windows NT 10.0; WOW64) AppleWebKit/537.36 (KHTML, like Gecko) Chrome/52.0.2743.116 Safari/537.36"
62.235.172.132 - - [23/Aug/2016:09:19:35 +0000] "GET / HTTP/1.1" 500 0 "-" "Mozilla/5.0 (Windows NT 10.0; WOW64) AppleWebKit/537.36 (KHTML, like Gecko) Chrome/52.0.2743.116 Safari/537.36"
62.235.172.132 - - [23/Aug/2016:09:19:36 +0000] "GET / HTTP/1.1" 500 0 "-" "Mozilla/5.0 (Windows NT 10.0; WOW64) AppleWebKit/537.36 (KHTML, like Gecko) Chrome/52.0.2743.116 Safari/537.36"
62.235.172.132 - - [23/Aug/2016:09:19:39 +0000] "GET / HTTP/1.1" 500 0 "-" "Mozilla/5.0 (Windows NT 10.0; WOW64) AppleWebKit/537.36 (KHTML, like Gecko) Chrome/52.0.2743.116 Safari/537.36"
62.235.172.132 - - [23/Aug/2016:09:19:51 +0000] "GET / HTTP/1.1" 500 0 "-" "Mozilla/5.0 (Windows NT 10.0; WOW64) AppleWebKit/537.36 (KHTML, like Gecko) Chrome/52.0.2743.116 Safari/537.36"
62.235.235.75 - - [23/Aug/2016:09:19:54 +0000] "GET / HTTP/1.1" 500 0 "-" "Mozilla/5.0 (X11; Fedora; Linux x86_64) AppleWebKit/537.36 (KHTML, like Gecko) Chrome/52.0.2743.116 Safari/537.36"
62.235.172.132 - - [23/Aug/2016:09:20:45 +0000] "GET / HTTP/1.1" 200 194 "-" "Mozilla/5.0 (Windows NT 10.0; WOW64) AppleWebKit/537.36 (KHTML, like Gecko) Chrome/52.0.2743.116 Safari/537.36"
62.235.235.75 - - [23/Aug/2016:09:20:49 +0000] "GET / HTTP/1.1" 200 194 "-" "Mozilla/5.0 (X11; Fedora; Linux x86_64) AppleWebKit/537.36 (KHTML, like Gecko) Chrome/52.0.2743.116 Safari/537.36"
62.235.172.132 - - [23/Aug/2016:09:21:17 +0000] "GET / HTTP/1.1" 200 194 "-" "Mozilla/5.0 (Windows NT 10.0; WOW64) AppleWebKit/537.36 (KHTML, like Gecko) Chrome/52.0.2743.116 Safari/537.36"
62.235.235.75 - - [23/Aug/2016:09:21:21 +0000] "GET / HTTP/1.1" 200 194 "-" "Mozilla/5.0 (X11; Fedora; Linux x86_64) AppleWebKit/537.36 (KHTML, like Gecko) Chrome/52.0.2743.116 Safari/537.36"
62.235.172.132 - - [23/Aug/2016:09:21:41 +0000] "GET / HTTP/1.1" 200 177 "-" "Mozilla/5.0 (Windows NT 10.0; WOW64) AppleWebKit/537.36 (KHTML, like Gecko) Chrome/52.0.2743.116 Safari/537.36"
62.235.235.75 - - [23/Aug/2016:09:21:42 +0000] "GET / HTTP/1.1" 200 177 "-" "Mozilla/5.0 (X11; Fedora; Linux x86_64) AppleWebKit/537.36 (KHTML, like Gecko) Chrome/52.0.2743.116 Safari/537.36"
62.235.235.75 - - [23/Aug/2016:09:22:38 +0000] "GET / HTTP/1.1" 500 141 "-" "Mozilla/5.0 (X11; Fedora; Linux x86_64) AppleWebKit/537.36 (KHTML, like Gecko) Chrome/52.0.2743.116 Safari/537.36"
62.235.172.132 - - [23/Aug/2016:09:22:38 +0000] "GET / HTTP/1.1" 500 141 "-" "Mozilla/5.0 (Windows NT 10.0; WOW64) AppleWebKit/537.36 (KHTML, like Gecko) Chrome/52.0.2743.116 Safari/537.36"
62.235.235.75 - - [23/Aug/2016:09:24:58 +0000] "GET / HTTP/1.1" 200 3078 "-" "Mozilla/5.0 (X11; Fedora; Linux x86_64) AppleWebKit/537.36 (KHTML, like Gecko) Chrome/52.0.2743.116 Safari/537.36"
62.235.235.75 - - [23/Aug/2016:09:24:58 +0000] "GET /icons/openlogo-75.png HTTP/1.1" 304 0 "http://webmin.wt5mc.ephec-ti.be/" "Mozilla/5.0 (X11; Fedora; Linux x86_64) AppleWebKit/537.36 (KHTML, like Gecko) Chrome/52.0.2743.116 Safari/537.36"
62.235.235.75 - - [23/Aug/2016:09:25:10 +0000] "\x16\x03\x01\x00\xC8\x01\x00\x00\xC4\x03\x03V\xFCe\x18\xAEP\xDA\x90\x80`V\x04\xCC\xD7\xEE\xE2\x07\x22Q\x0B\x8C\xC7|\x91&\xB0\xD6\x94\x19\x0EZ\x14\x00\x00\x22\xC0+\xC0/\xC0,\xC00\xCC\xA9\xCC\xA8\xCC\x14\xCC\x13\xC0\x09\xC0\x13\xC0" 400 173 "-" "-"
62.235.235.75 - - [23/Aug/2016:09:25:10 +0000] "\x16\x03\x01\x00\xC8\x01\x00\x00\xC4\x03\x03" 400 173 "-" "-"
62.235.235.75 - - [23/Aug/2016:09:25:10 +0000] "\x16\x03\x01\x00\x9D\x01\x00\x00\x99\x03\x02\xC1\xF8\x90\xF5\xDF\x8C^\xA3\xC8[\xC3\xF2\xD0\xC4\xACJ\xE7\xAFy\xFE7dx\xEA\xCD\xE5\xE2\xDF \xCB" 400 173 "-" "-"
62.235.172.132 - - [23/Aug/2016:09:25:35 +0000] "GET / HTTP/1.1" 200 177 "-" "Mozilla/5.0 (Windows NT 10.0; WOW64) AppleWebKit/537.36 (KHTML, like Gecko) Chrome/52.0.2743.116 Safari/537.36"
62.235.172.132 - - [23/Aug/2016:09:25:35 +0000] "GET / HTTP/1.1" 200 177 "-" "Mozilla/5.0 (Windows NT 10.0; WOW64) AppleWebKit/537.36 (KHTML, like Gecko) Chrome/52.0.2743.116 Safari/537.36"
62.235.172.132 - - [23/Aug/2016:09:25:40 +0000] "GET / HTTP/1.1" 200 177 "-" "Mozilla/5.0 (Windows NT 10.0; WOW64) AppleWebKit/537.36 (KHTML, like Gecko) Chrome/52.0.2743.116 Safari/537.36"
62.235.235.75 - - [23/Aug/2016:09:26:04 +0000] "\x16\x03\x01\x00\xC8\x01\x00\x00\xC4\x03\x03\x11\xA3\x84\xC1';\xFB\xC8\x864]\xA7\xB79\x01X]?q\xD1\xFB" 400 173 "-" "-"
62.235.235.75 - - [23/Aug/2016:09:26:04 +0000] "\x16\x03\x01\x00\xC8\x01\x00\x00\xC4\x03\x03L\xED\x92\x1F\xCC]\xE7\xF4\xA4\xAAFv\xCC\xADUWf\x22\x89\xAC\xA0\xB6T\xB1\xBC\x17Fn\xA1\x0B/\x03\x00\x00\x22\xC0+\xC0/\xC0,\xC00\xCC\xA9\xCC\xA8\xCC\x14\xCC\x13\xC0\x09\xC0\x13\xC0" 400 173 "-" "-"
62.235.235.75 - - [23/Aug/2016:09:26:04 +0000] "\x16\x03\x01\x00\x9D\x01\x00\x00\x99\x03\x02\x82a\xA6g\xB6\x95 \xD8<\x93*F\xDC<\x22\x92\xBA\x08\xC3o\x5CJ\x98\xAF\x85\x9A\x14\x1F=\xC8x\x10\x00\x00\x10\xC0\x09\xC0\x13\xC0" 400 173 "-" "-"
62.235.235.75 - - [23/Aug/2016:09:26:47 +0000] "GET / HTTP/1.1" 200 2941 "-" "Mozilla/5.0 (X11; Fedora; Linux x86_64) AppleWebKit/537.36 (KHTML, like Gecko) Chrome/52.0.2743.116 Safari/537.36"
62.235.235.75 - - [23/Aug/2016:09:26:47 +0000] "GET /unauthenticated/gray-reset-fonts-grids-base.css HTTP/1.1" 200 6126 "http://webmin.wt5mc.ephec-ti.be/" "Mozilla/5.0 (X11; Fedora; Linux x86_64) AppleWebKit/537.36 (KHTML, like Gecko) Chrome/52.0.2743.116 Safari/537.36"
62.235.235.75 - - [23/Aug/2016:09:26:47 +0000] "GET /unauthenticated/gray-virtual-server-style.css HTTP/1.1" 200 3699 "http://webmin.wt5mc.ephec-ti.be/" "Mozilla/5.0 (X11; Fedora; Linux x86_64) AppleWebKit/537.36 (KHTML, like Gecko) Chrome/52.0.2743.116 Safari/537.36"
62.235.235.75 - - [23/Aug/2016:09:26:47 +0000] "GET /unauthenticated/sorttable.js HTTP/1.1" 200 10171 "http://webmin.wt5mc.ephec-ti.be/" "Mozilla/5.0 (X11; Fedora; Linux x86_64) AppleWebKit/537.36 (KHTML, like Gecko) Chrome/52.0.2743.116 Safari/537.36"
62.235.235.75 - - [23/Aug/2016:09:28:38 +0000] "GET / HTTP/1.1" 200 2941 "-" "Mozilla/5.0 (X11; Fedora; Linux x86_64) AppleWebKit/537.36 (KHTML, like Gecko) Chrome/52.0.2743.116 Safari/537.36"
62.235.235.75 - - [23/Aug/2016:09:28:38 +0000] "GET /unauthenticated/gray-reset-fonts-grids-base.css HTTP/1.1" 200 6126 "http://webmin.wt5mc.ephec-ti.be/" "Mozilla/5.0 (X11; Fedora; Linux x86_64) AppleWebKit/537.36 (KHTML, like Gecko) Chrome/52.0.2743.116 Safari/537.36"
62.235.235.75 - - [23/Aug/2016:09:28:38 +0000] "GET /unauthenticated/gray-virtual-server-style.css HTTP/1.1" 200 3699 "http://webmin.wt5mc.ephec-ti.be/" "Mozilla/5.0 (X11; Fedora; Linux x86_64) AppleWebKit/537.36 (KHTML, like Gecko) Chrome/52.0.2743.116 Safari/537.36"
62.235.235.75 - - [23/Aug/2016:09:28:38 +0000] "GET /unauthenticated/sorttable.js HTTP/1.1" 200 10171 "http://webmin.wt5mc.ephec-ti.be/" "Mozilla/5.0 (X11; Fedora; Linux x86_64) AppleWebKit/537.36 (KHTML, like Gecko) Chrome/52.0.2743.116 Safari/537.36"
62.235.235.75 - - [23/Aug/2016:09:28:42 +0000] "POST /session_login.cgi HTTP/1.1" 500 167 "http://webmin.wt5mc.ephec-ti.be/" "Mozilla/5.0 (X11; Fedora; Linux x86_64) AppleWebKit/537.36 (KHTML, like Gecko) Chrome/52.0.2743.116 Safari/537.36"
62.235.172.132 - - [23/Aug/2016:09:32:06 +0000] "GET / HTTP/1.1" 200 190 "-" "Mozilla/5.0 (Windows NT 10.0; WOW64) AppleWebKit/537.36 (KHTML, like Gecko) Chrome/52.0.2743.116 Safari/537.36"
62.235.172.132 - - [23/Aug/2016:09:32:06 +0000] "GET /favicon.ico HTTP/1.1" 404 296 "http://b2b.wt5mc.ephec-ti.be/" "Mozilla/5.0 (Windows NT 10.0; WOW64) AppleWebKit/537.36 (KHTML, like Gecko) Chrome/52.0.2743.116 Safari/537.36"
62.235.172.132 - - [23/Aug/2016:09:32:11 +0000] "GET / HTTP/1.1" 200 190 "-" "Mozilla/5.0 (Windows NT 10.0; WOW64) AppleWebKit/537.36 (KHTML, like Gecko) Chrome/52.0.2743.116 Safari/537.36"
62.235.235.75 - - [23/Aug/2016:09:33:30 +0000] "POST /session_login.cgi HTTP/1.1" 500 167 "http://webmin.wt5mc.ephec-ti.be/" "Mozilla/5.0 (X11; Fedora; Linux x86_64) AppleWebKit/537.36 (KHTML, like Gecko) Chrome/52.0.2743.116 Safari/537.36"
62.235.235.75 - - [23/Aug/2016:09:33:34 +0000] "GET / HTTP/1.1" 200 2941 "-" "Mozilla/5.0 (X11; Fedora; Linux x86_64) AppleWebKit/537.36 (KHTML, like Gecko) Chrome/52.0.2743.116 Safari/537.36"
62.235.235.75 - - [23/Aug/2016:09:33:41 +0000] "POST /session_login.cgi HTTP/1.1" 500 167 "http://webmin.wt5mc.ephec-ti.be/" "Mozilla/5.0 (X11; Fedora; Linux x86_64) AppleWebKit/537.36 (KHTML, like Gecko) Chrome/52.0.2743.116 Safari/537.36"
62.235.172.132 - - [23/Aug/2016:09:34:03 +0000] "GET / HTTP/1.1" 200 190 "-" "Mozilla/5.0 (Windows NT 10.0; WOW64) AppleWebKit/537.36 (KHTML, like Gecko) Chrome/52.0.2743.116 Safari/537.36"
62.235.172.132 - - [23/Aug/2016:09:34:37 +0000] "GET / HTTP/1.1" 200 190 "-" "Mozilla/5.0 (Windows NT 10.0; WOW64) AppleWebKit/537.36 (KHTML, like Gecko) Chrome/52.0.2743.116 Safari/537.36"
62.235.172.132 - - [23/Aug/2016:09:34:41 +0000] "GET / HTTP/1.1" 200 190 "-" "Mozilla/5.0 (Windows NT 10.0; WOW64) AppleWebKit/537.36 (KHTML, like Gecko) Chrome/52.0.2743.116 Safari/537.36"
62.235.235.75 - - [23/Aug/2016:09:35:43 +0000] "GET / HTTP/1.1" 200 190 "-" "Mozilla/5.0 (X11; Fedora; Linux x86_64) AppleWebKit/537.36 (KHTML, like Gecko) Chrome/52.0.2743.116 Safari/537.36"
62.235.172.132 - - [23/Aug/2016:09:36:28 +0000] "GET / HTTP/1.1" 200 176 "-" "Mozilla/5.0 (Windows NT 10.0; WOW64) AppleWebKit/537.36 (KHTML, like Gecko) Chrome/52.0.2743.116 Safari/537.36"
62.235.235.75 - - [23/Aug/2016:09:36:47 +0000] "GET / HTTP/1.1" 200 176 "-" "Mozilla/5.0 (X11; Fedora; Linux x86_64) AppleWebKit/537.36 (KHTML, like Gecko) Chrome/52.0.2743.116 Safari/537.36"
62.235.235.75 - - [23/Aug/2016:09:37:06 +0000] "GET / HTTP/1.1" 200 176 "-" "Mozilla/5.0 (X11; Fedora; Linux x86_64) AppleWebKit/537.36 (KHTML, like Gecko) Chrome/52.0.2743.116 Safari/537.36"
62.235.235.75 - - [23/Aug/2016:09:37:09 +0000] "GET / HTTP/1.1" 200 176 "-" "Mozilla/5.0 (X11; Fedora; Linux x86_64) AppleWebKit/537.36 (KHTML, like Gecko) Chrome/52.0.2743.116 Safari/537.36"
62.235.172.132 - - [23/Aug/2016:09:37:19 +0000] "GET / HTTP/1.1" 500 148 "-" "Mozilla/5.0 (Windows NT 10.0; WOW64) AppleWebKit/537.36 (KHTML, like Gecko) Chrome/52.0.2743.116 Safari/537.36"
62.235.235.75 - - [23/Aug/2016:09:37:20 +0000] "GET / HTTP/1.1" 200 2941 "-" "Mozilla/5.0 (X11; Fedora; Linux x86_64) AppleWebKit/537.36 (KHTML, like Gecko) Chrome/52.0.2743.116 Safari/537.36"
62.235.172.132 - - [23/Aug/2016:09:37:20 +0000] "GET / HTTP/1.1" 500 148 "-" "Mozilla/5.0 (Windows NT 10.0; WOW64) AppleWebKit/537.36 (KHTML, like Gecko) Chrome/52.0.2743.116 Safari/537.36"
62.235.235.75 - - [23/Aug/2016:09:37:25 +0000] "POST /session_login.cgi HTTP/1.1" 500 167 "http://webmin.wt5mc.ephec-ti.be/" "Mozilla/5.0 (X11; Fedora; Linux x86_64) AppleWebKit/537.36 (KHTML, like Gecko) Chrome/52.0.2743.116 Safari/537.36"
62.235.235.75 - - [23/Aug/2016:09:39:20 +0000] "GET / HTTP/1.1" 500 148 "-" "Mozilla/5.0 (X11; Fedora; Linux x86_64) AppleWebKit/537.36 (KHTML, like Gecko) Chrome/52.0.2743.116 Safari/537.36"
62.235.235.75 - - [23/Aug/2016:09:39:22 +0000] "GET / HTTP/1.1" 500 148 "-" "Mozilla/5.0 (X11; Fedora; Linux x86_64) AppleWebKit/537.36 (KHTML, like Gecko) Chrome/52.0.2743.116 Safari/537.36"
62.235.235.75 - - [23/Aug/2016:09:39:23 +0000] "GET / HTTP/1.1" 500 148 "-" "Mozilla/5.0 (X11; Fedora; Linux x86_64) AppleWebKit/537.36 (KHTML, like Gecko) Chrome/52.0.2743.116 Safari/537.36"
62.235.235.75 - - [23/Aug/2016:09:39:23 +0000] "GET / HTTP/1.1" 500 148 "-" "Mozilla/5.0 (X11; Fedora; Linux x86_64) AppleWebKit/537.36 (KHTML, like Gecko) Chrome/52.0.2743.116 Safari/537.36"
62.235.235.75 - - [23/Aug/2016:09:39:23 +0000] "GET / HTTP/1.1" 500 148 "-" "Mozilla/5.0 (X11; Fedora; Linux x86_64) AppleWebKit/537.36 (KHTML, like Gecko) Chrome/52.0.2743.116 Safari/537.36"
62.235.172.132 - - [23/Aug/2016:09:39:34 +0000] "GET / HTTP/1.1" 500 148 "-" "Mozilla/5.0 (X11; Ubuntu; Linux i686; rv:41.0) Gecko/20100101 Firefox/41.0"
62.235.172.132 - - [23/Aug/2016:09:39:35 +0000] "GET / HTTP/1.1" 500 148 "-" "Mozilla/5.0 (X11; Ubuntu; Linux i686; rv:41.0) Gecko/20100101 Firefox/41.0"
62.235.235.75 - - [23/Aug/2016:09:39:37 +0000] "GET / HTTP/1.1" 500 148 "-" "Mozilla/5.0 (X11; Fedora; Linux x86_64) AppleWebKit/537.36 (KHTML, like Gecko) Chrome/52.0.2743.116 Safari/537.36"
62.235.235.75 - - [23/Aug/2016:09:39:45 +0000] "GET / HTTP/1.1" 500 148 "-" "Mozilla/5.0 (X11; Fedora; Linux x86_64) AppleWebKit/537.36 (KHTML, like Gecko) Chrome/52.0.2743.116 Safari/537.36"
62.235.172.132 - - [23/Aug/2016:09:39:58 +0000] "GET / HTTP/1.1" 500 148 "-" "Mozilla/5.0 (Windows NT 10.0; WOW64) AppleWebKit/537.36 (KHTML, like Gecko) Chrome/52.0.2743.116 Safari/537.36"
62.235.172.132 - - [23/Aug/2016:09:39:58 +0000] "GET /favicon.ico HTTP/1.1" 404 296 "http://b2b.wt5mc.ephec-ti.be/" "Mozilla/5.0 (Windows NT 10.0; WOW64) AppleWebKit/537.36 (KHTML, like Gecko) Chrome/52.0.2743.116 Safari/537.36"
62.235.172.132 - - [23/Aug/2016:09:41:26 +0000] "GET / HTTP/1.1" 500 148 "-" "Mozilla/5.0 (Windows NT 10.0; WOW64) AppleWebKit/537.36 (KHTML, like Gecko) Chrome/52.0.2743.116 Safari/537.36"
62.235.172.132 - - [23/Aug/2016:09:41:27 +0000] "GET / HTTP/1.1" 500 148 "-" "Mozilla/5.0 (Windows NT 10.0; WOW64) AppleWebKit/537.36 (KHTML, like Gecko) Chrome/52.0.2743.116 Safari/537.36"
62.235.172.132 - - [23/Aug/2016:09:42:02 +0000] "GET / HTTP/1.1" 500 148 "-" "Mozilla/5.0 (Windows NT 10.0; WOW64) AppleWebKit/537.36 (KHTML, like Gecko) Chrome/52.0.2743.116 Safari/537.36"
62.235.172.132 - - [23/Aug/2016:09:42:04 +0000] "GET / HTTP/1.1" 500 148 "-" "Mozilla/5.0 (Windows NT 10.0; WOW64) AppleWebKit/537.36 (KHTML, like Gecko) Chrome/52.0.2743.116 Safari/537.36"
62.235.235.75 - - [23/Aug/2016:09:42:11 +0000] "GET / HTTP/1.1" 500 148 "-" "Mozilla/5.0 (X11; Fedora; Linux x86_64) AppleWebKit/537.36 (KHTML, like Gecko) Chrome/52.0.2743.116 Safari/537.36"
62.235.172.132 - - [23/Aug/2016:09:42:33 +0000] "GET / HTTP/1.1" 500 148 "-" "Mozilla/5.0 (Windows NT 10.0; WOW64) AppleWebKit/537.36 (KHTML, like Gecko) Chrome/52.0.2743.116 Safari/537.36"
62.235.172.132 - - [23/Aug/2016:09:44:25 +0000] "GET / HTTP/1.1" 200 363 "-" "Mozilla/5.0 (Windows NT 10.0; WOW64) AppleWebKit/537.36 (KHTML, like Gecko) Chrome/52.0.2743.116 Safari/537.36"
62.235.235.75 - - [23/Aug/2016:09:44:30 +0000] "GET / HTTP/1.1" 200 363 "-" "Mozilla/5.0 (X11; Fedora; Linux x86_64) AppleWebKit/537.36 (KHTML, like Gecko) Chrome/52.0.2743.116 Safari/537.36"
62.235.172.132 - - [23/Aug/2016:09:47:37 +0000] "GET / HTTP/1.1" 200 176 "-" "Mozilla/5.0 (Windows NT 10.0; WOW64) AppleWebKit/537.36 (KHTML, like Gecko) Chrome/52.0.2743.116 Safari/537.36"
62.235.172.132 - - [23/Aug/2016:09:47:53 +0000] "GET / HTTP/1.1" 200 128 "-" "Mozilla/5.0 (Windows NT 10.0; WOW64) AppleWebKit/537.36 (KHTML, like Gecko) Chrome/52.0.2743.116 Safari/537.36"
62.235.172.132 - - [23/Aug/2016:09:47:54 +0000] "GET / HTTP/1.1" 200 128 "-" "Mozilla/5.0 (Windows NT 10.0; WOW64) AppleWebKit/537.36 (KHTML, like Gecko) Chrome/52.0.2743.116 Safari/537.36"
62.235.172.132 - - [23/Aug/2016:09:48:06 +0000] "GET / HTTP/1.1" 200 128 "-" "Mozilla/5.0 (Windows NT 10.0; WOW64) AppleWebKit/537.36 (KHTML, like Gecko) Chrome/52.0.2743.116 Safari/537.36"
62.235.172.132 - - [23/Aug/2016:09:48:48 +0000] "GET / HTTP/1.1" 200 128 "-" "Mozilla/5.0 (Windows NT 10.0; WOW64) AppleWebKit/537.36 (KHTML, like Gecko) Chrome/52.0.2743.116 Safari/537.36"
62.235.172.132 - - [23/Aug/2016:09:49:04 +0000] "GET / HTTP/1.1" 200 128 "-" "Mozilla/5.0 (Windows NT 10.0; WOW64) AppleWebKit/537.36 (KHTML, like Gecko) Chrome/52.0.2743.116 Safari/537.36"
62.235.235.75 - - [23/Aug/2016:09:49:11 +0000] "GET / HTTP/1.1" 200 128 "-" "Mozilla/5.0 (X11; Fedora; Linux x86_64) AppleWebKit/537.36 (KHTML, like Gecko) Chrome/52.0.2743.116 Safari/537.36"
62.235.235.75 - - [23/Aug/2016:09:49:26 +0000] "GET / HTTP/1.1" 200 128 "-" "Mozilla/5.0 (X11; Fedora; Linux x86_64) AppleWebKit/537.36 (KHTML, like Gecko) Chrome/52.0.2743.116 Safari/537.36"
62.235.172.132 - - [23/Aug/2016:09:50:36 +0000] "GET / HTTP/1.1" 200 128 "-" "Mozilla/5.0 (Windows NT 10.0; WOW64) AppleWebKit/537.36 (KHTML, like Gecko) Chrome/52.0.2743.116 Safari/537.36"
62.235.235.75 - - [23/Aug/2016:09:51:14 +0000] "GET / HTTP/1.1" 200 128 "-" "Mozilla/5.0 (X11; Fedora; Linux x86_64) AppleWebKit/537.36 (KHTML, like Gecko) Chrome/52.0.2743.116 Safari/537.36"
62.235.172.132 - - [23/Aug/2016:09:51:26 +0000] "GET / HTTP/1.1" 200 128 "-" "Mozilla/5.0 (Windows NT 10.0; WOW64) AppleWebKit/537.36 (KHTML, like Gecko) Chrome/52.0.2743.116 Safari/537.36"
62.235.172.132 - - [23/Aug/2016:09:53:39 +0000] "GET / HTTP/1.1" 200 128 "-" "Mozilla/5.0 (Windows NT 10.0; WOW64) AppleWebKit/537.36 (KHTML, like Gecko) Chrome/52.0.2743.116 Safari/537.36"
62.235.172.132 - - [23/Aug/2016:09:55:32 +0000] "GET / HTTP/1.1" 200 199 "-" "Mozilla/5.0 (Windows NT 10.0; WOW64) AppleWebKit/537.36 (KHTML, like Gecko) Chrome/52.0.2743.116 Safari/537.36"
62.235.235.75 - - [23/Aug/2016:09:55:37 +0000] "GET / HTTP/1.1" 401 174 "-" "Mozilla/5.0 (X11; Fedora; Linux x86_64) AppleWebKit/537.36 (KHTML, like Gecko) Chrome/52.0.2743.116 Safari/537.36"
62.235.235.75 - root [23/Aug/2016:09:55:45 +0000] "GET /unauthenticated/js/init.min.js?1772 HTTP/1.1" 200 30369 "http://webmin.wt5mc.ephec-ti.be/" "Mozilla/5.0 (X11; Fedora; Linux x86_64) AppleWebKit/537.36 (KHTML, like Gecko) Chrome/52.0.2743.116 Safari/537.36"
62.235.235.75 - root [23/Aug/2016:09:55:46 +0000] "GET / HTTP/1.1" 200 14846 "-" "Mozilla/5.0 (X11; Fedora; Linux x86_64) AppleWebKit/537.36 (KHTML, like Gecko) Chrome/52.0.2743.116 Safari/537.36"
62.235.235.75 - root [23/Aug/2016:09:55:46 +0000] "GET /unauthenticated/js/authentic.min.js?1772 HTTP/1.1" 200 314430 "http://webmin.wt5mc.ephec-ti.be/" "Mozilla/5.0 (X11; Fedora; Linux x86_64) AppleWebKit/537.36 (KHTML, like Gecko) Chrome/52.0.2743.116 Safari/537.36"
62.235.235.75 - root [23/Aug/2016:09:55:46 +0000] "GET /unauthenticated/css/package.min.css?1772 HTTP/1.1" 200 510601 "http://webmin.wt5mc.ephec-ti.be/" "Mozilla/5.0 (X11; Fedora; Linux x86_64) AppleWebKit/537.36 (KHTML, like Gecko) Chrome/52.0.2743.116 Safari/537.36"
62.235.235.75 - root [23/Aug/2016:09:55:47 +0000] "GET /unauthenticated/js/package.min.js?1772 HTTP/1.1" 200 989471 "http://webmin.wt5mc.ephec-ti.be/" "Mozilla/5.0 (X11; Fedora; Linux x86_64) AppleWebKit/537.36 (KHTML, like Gecko) Chrome/52.0.2743.116 Safari/537.36"
62.235.235.75 - root [23/Aug/2016:09:55:48 +0000] "GET /unauthenticated/fonts/roboto/N5Lbe1fynPA1KT8BFvAiGw.woff2 HTTP/1.1" 200 63156 "http://webmin.wt5mc.ephec-ti.be/unauthenticated/css/package.min.css?1772" "Mozilla/5.0 (X11; Fedora; Linux x86_64) AppleWebKit/537.36 (KHTML, like Gecko) Chrome/52.0.2743.116 Safari/537.36"
62.235.235.75 - root [23/Aug/2016:09:55:48 +0000] "GET /unauthenticated/fonts/roboto/El-bgsteBznJNL5pgUfFLA.woff2 HTTP/1.1" 200 63104 "http://webmin.wt5mc.ephec-ti.be/unauthenticated/css/package.min.css?1772" "Mozilla/5.0 (X11; Fedora; Linux x86_64) AppleWebKit/537.36 (KHTML, like Gecko) Chrome/52.0.2743.116 Safari/537.36"
62.235.235.75 - root [23/Aug/2016:09:55:48 +0000] "GET /unauthenticated/fonts/fontawesome-webfont.woff2?v=4.4.0 HTTP/1.1" 200 64464 "http://webmin.wt5mc.ephec-ti.be/unauthenticated/css/package.min.css?1772" "Mozilla/5.0 (X11; Fedora; Linux x86_64) AppleWebKit/537.36 (KHTML, like Gecko) Chrome/52.0.2743.116 Safari/537.36"
62.235.235.75 - root [23/Aug/2016:09:55:48 +0000] "GET /sysinfo.cgi HTTP/1.1" 200 2365 "http://webmin.wt5mc.ephec-ti.be/" "Mozilla/5.0 (X11; Fedora; Linux x86_64) AppleWebKit/537.36 (KHTML, like Gecko) Chrome/52.0.2743.116 Safari/537.36"
62.235.235.75 - root [23/Aug/2016:09:55:48 +0000] "GET /images/favicon-webmin.ico HTTP/1.1" 200 2310 "http://webmin.wt5mc.ephec-ti.be/" "Mozilla/5.0 (X11; Fedora; Linux x86_64) AppleWebKit/537.36 (KHTML, like Gecko) Chrome/52.0.2743.116 Safari/537.36"
62.235.235.75 - root [23/Aug/2016:09:55:48 +0000] "GET /index.cgi/?xhr-get_theme_language=1 HTTP/1.1" 200 6619 "http://webmin.wt5mc.ephec-ti.be/" "Mozilla/5.0 (X11; Fedora; Linux x86_64) AppleWebKit/537.36 (KHTML, like Gecko) Chrome/52.0.2743.116 Safari/537.36"
62.235.235.75 - root [23/Aug/2016:09:55:48 +0000] "GET /index.cgi/?xhr-get_available_modules=1 HTTP/1.1" 200 1236 "http://webmin.wt5mc.ephec-ti.be/" "Mozilla/5.0 (X11; Fedora; Linux x86_64) AppleWebKit/537.36 (KHTML, like Gecko) Chrome/52.0.2743.116 Safari/537.36"
62.235.235.75 - root [23/Aug/2016:09:55:48 +0000] "GET /unauthenticated/fonts/roboto/Op9nD2u96-RO01_6Io91EA.woff2 HTTP/1.1" 200 63800 "http://webmin.wt5mc.ephec-ti.be/unauthenticated/css/package.min.css?1772" "Mozilla/5.0 (X11; Fedora; Linux x86_64) AppleWebKit/537.36 (KHTML, like Gecko) Chrome/52.0.2743.116 Safari/537.36"
62.235.235.75 - root [23/Aug/2016:09:55:48 +0000] "GET /unauthenticated/fonts/roboto/UbXx3E_TVHvOc89N28P2jA.woff2 HTTP/1.1" 200 66836 "http://webmin.wt5mc.ephec-ti.be/unauthenticated/css/package.min.css?1772" "Mozilla/5.0 (X11; Fedora; Linux x86_64) AppleWebKit/537.36 (KHTML, like Gecko) Chrome/52.0.2743.116 Safari/537.36"
31.13.110.124 - - [23/Aug/2016:09:56:04 +0000] "GET / HTTP/1.1" 401 174 "-" "facebookexternalhit/1.1 (+http://www.facebook.com/externalhit_uatext.php)"
31.13.109.122 - - [23/Aug/2016:09:56:07 +0000] "GET / HTTP/1.1" 401 174 "-" "facebookexternalhit/1.1"
62.235.235.75 - root [23/Aug/2016:09:56:10 +0000] "GET /index.cgi/?xhr-info=1 HTTP/1.1" 200 7653 "http://webmin.wt5mc.ephec-ti.be/?dashboard" "Mozilla/5.0 (X11; Fedora; Linux x86_64) AppleWebKit/537.36 (KHTML, like Gecko) Chrome/52.0.2743.116 Safari/537.36"
62.235.235.75 - root [23/Aug/2016:09:56:15 +0000] "GET /unauthenticated/fonts/roboto/tZdhd9Zzj0I2MwoD56osIw.woff2 HTTP/1.1" 200 63396 "http://webmin.wt5mc.ephec-ti.be/unauthenticated/css/package.min.css?1772" "Mozilla/5.0 (X11; Fedora; Linux x86_64) AppleWebKit/537.36 (KHTML, like Gecko) Chrome/52.0.2743.116 Safari/537.36"
62.235.235.75 - root [23/Aug/2016:09:56:15 +0000] "GET /unauthenticated/fonts/roboto/owYYXKukxFDFjr0ZO8NXh1tXRa8TVwTICgirnJhmVJw.woff2 HTTP/1.1" 200 66828 "http://webmin.wt5mc.ephec-ti.be/unauthenticated/css/package.min.css?1772" "Mozilla/5.0 (X11; Fedora; Linux x86_64) AppleWebKit/537.36 (KHTML, like Gecko) Chrome/52.0.2743.116 Safari/537.36"
62.235.235.75 - root [23/Aug/2016:09:56:37 +0000] "GET /index.cgi/?xhr-default=1 HTTP/1.1" 200 22 "http://webmin.wt5mc.ephec-ti.be/" "Mozilla/5.0 (X11; Fedora; Linux x86_64) AppleWebKit/537.36 (KHTML, like Gecko) Chrome/52.0.2743.116 Safari/537.36"
62.235.235.75 - root [23/Aug/2016:09:56:37 +0000] "GET /unauthenticated/fonts/roboto/daIfzbEw-lbjMyv4rMUUTltXRa8TVwTICgirnJhmVJw.woff2 HTTP/1.1" 200 67856 "http://webmin.wt5mc.ephec-ti.be/unauthenticated/css/package.min.css?1772" "Mozilla/5.0 (X11; Fedora; Linux x86_64) AppleWebKit/537.36 (KHTML, like Gecko) Chrome/52.0.2743.116 Safari/537.36"
62.235.235.75 - root [23/Aug/2016:09:56:37 +0000] "GET /sysinfo.cgi HTTP/1.1" 200 2365 "http://webmin.wt5mc.ephec-ti.be/" "Mozilla/5.0 (X11; Fedora; Linux x86_64) AppleWebKit/537.36 (KHTML, like Gecko) Chrome/52.0.2743.116 Safari/537.36"
62.235.235.75 - root [23/Aug/2016:09:56:45 +0000] "GET /bind8/ HTTP/1.1" 200 10490 "http://webmin.wt5mc.ephec-ti.be/?dashboard" "Mozilla/5.0 (X11; Fedora; Linux x86_64) AppleWebKit/537.36 (KHTML, like Gecko) Chrome/52.0.2743.116 Safari/537.36"
62.235.235.75 - root [23/Aug/2016:09:56:45 +0000] "GET /images/modules/bind8/logging.gif HTTP/1.1" 200 2599 "http://webmin.wt5mc.ephec-ti.be/bind8/" "Mozilla/5.0 (X11; Fedora; Linux x86_64) AppleWebKit/537.36 (KHTML, like Gecko) Chrome/52.0.2743.116 Safari/537.36"
62.235.235.75 - root [23/Aug/2016:09:56:45 +0000] "GET /images/modules/bind8/servers.gif HTTP/1.1" 200 3027 "http://webmin.wt5mc.ephec-ti.be/bind8/" "Mozilla/5.0 (X11; Fedora; Linux x86_64) AppleWebKit/537.36 (KHTML, like Gecko) Chrome/52.0.2743.116 Safari/537.36"
62.235.235.75 - root [23/Aug/2016:09:56:45 +0000] "GET /images/modules/bind8/acls.gif HTTP/1.1" 200 3200 "http://webmin.wt5mc.ephec-ti.be/bind8/" "Mozilla/5.0 (X11; Fedora; Linux x86_64) AppleWebKit/537.36 (KHTML, like Gecko) Chrome/52.0.2743.116 Safari/537.36"
62.235.235.75 - root [23/Aug/2016:09:56:45 +0000] "GET /images/modules/bind8/files.gif HTTP/1.1" 200 3752 "http://webmin.wt5mc.ephec-ti.be/bind8/" "Mozilla/5.0 (X11; Fedora; Linux x86_64) AppleWebKit/537.36 (KHTML, like Gecko) Chrome/52.0.2743.116 Safari/537.36"
62.235.235.75 - root [23/Aug/2016:09:56:45 +0000] "GET /images/modules/bind8/net.gif HTTP/1.1" 200 2974 "http://webmin.wt5mc.ephec-ti.be/bind8/" "Mozilla/5.0 (X11; Fedora; Linux x86_64) AppleWebKit/537.36 (KHTML, like Gecko) Chrome/52.0.2743.116 Safari/537.36"
62.235.235.75 - root [23/Aug/2016:09:56:45 +0000] "GET /images/modules/bind8/forwarding.gif HTTP/1.1" 200 4442 "http://webmin.wt5mc.ephec-ti.be/bind8/" "Mozilla/5.0 (X11; Fedora; Linux x86_64) AppleWebKit/537.36 (KHTML, like Gecko) Chrome/52.0.2743.116 Safari/537.36"
62.235.235.75 - root [23/Aug/2016:09:56:45 +0000] "GET /images/modules/bind8/controls.gif HTTP/1.1" 200 3816 "http://webmin.wt5mc.ephec-ti.be/bind8/" "Mozilla/5.0 (X11; Fedora; Linux x86_64) AppleWebKit/537.36 (KHTML, like Gecko) Chrome/52.0.2743.116 Safari/537.36"
62.235.235.75 - root [23/Aug/2016:09:56:45 +0000] "GET /images/modules/bind8/zonedef.gif HTTP/1.1" 200 5089 "http://webmin.wt5mc.ephec-ti.be/bind8/" "Mozilla/5.0 (X11; Fedora; Linux x86_64) AppleWebKit/537.36 (KHTML, like Gecko) Chrome/52.0.2743.116 Safari/537.36"
62.235.235.75 - root [23/Aug/2016:09:56:45 +0000] "GET /images/modules/bind8/keys.gif HTTP/1.1" 200 2407 "http://webmin.wt5mc.ephec-ti.be/bind8/" "Mozilla/5.0 (X11; Fedora; Linux x86_64) AppleWebKit/537.36 (KHTML, like Gecko) Chrome/52.0.2743.116 Safari/537.36"
62.235.235.75 - root [23/Aug/2016:09:56:45 +0000] "GET /images/modules/bind8/misc.gif HTTP/1.1" 200 5346 "http://webmin.wt5mc.ephec-ti.be/bind8/" "Mozilla/5.0 (X11; Fedora; Linux x86_64) AppleWebKit/537.36 (KHTML, like Gecko) Chrome/52.0.2743.116 Safari/537.36"
62.235.235.75 - root [23/Aug/2016:09:56:45 +0000] "GET /images/modules/bind8/slaves.gif HTTP/1.1" 200 4275 "http://webmin.wt5mc.ephec-ti.be/bind8/" "Mozilla/5.0 (X11; Fedora; Linux x86_64) AppleWebKit/537.36 (KHTML, like Gecko) Chrome/52.0.2743.116 Safari/537.36"
62.235.235.75 - root [23/Aug/2016:09:56:45 +0000] "GET /bind8/images/rndc.gif HTTP/1.1" 200 1769 "http://webmin.wt5mc.ephec-ti.be/bind8/" "Mozilla/5.0 (X11; Fedora; Linux x86_64) AppleWebKit/537.36 (KHTML, like Gecko) Chrome/52.0.2743.116 Safari/537.36"
62.235.235.75 - root [23/Aug/2016:09:56:45 +0000] "GET /bind8/images/trusted.gif HTTP/1.1" 200 1750 "http://webmin.wt5mc.ephec-ti.be/bind8/" "Mozilla/5.0 (X11; Fedora; Linux x86_64) AppleWebKit/537.36 (KHTML, like Gecko) Chrome/52.0.2743.116 Safari/537.36"
62.235.235.75 - root [23/Aug/2016:09:56:45 +0000] "GET /images/modules/bind8/hint.gif HTTP/1.1" 200 5010 "http://webmin.wt5mc.ephec-ti.be/bind8/" "Mozilla/5.0 (X11; Fedora; Linux x86_64) AppleWebKit/537.36 (KHTML, like Gecko) Chrome/52.0.2743.116 Safari/537.36"
62.235.235.75 - root [23/Aug/2016:09:56:45 +0000] "GET /images/modules/bind8/manual.gif HTTP/1.1" 200 5031 "http://webmin.wt5mc.ephec-ti.be/bind8/" "Mozilla/5.0 (X11; Fedora; Linux x86_64) AppleWebKit/537.36 (KHTML, like Gecko) Chrome/52.0.2743.116 Safari/537.36"
62.235.235.75 - root [23/Aug/2016:09:56:45 +0000] "GET /bind8/images/dnssec.gif HTTP/1.1" 200 1614 "http://webmin.wt5mc.ephec-ti.be/bind8/" "Mozilla/5.0 (X11; Fedora; Linux x86_64) AppleWebKit/537.36 (KHTML, like Gecko) Chrome/52.0.2743.116 Safari/537.36"
62.235.235.75 - root [23/Aug/2016:09:56:45 +0000] "GET /images/modules/bind8/master.gif HTTP/1.1" 200 3824 "http://webmin.wt5mc.ephec-ti.be/bind8/" "Mozilla/5.0 (X11; Fedora; Linux x86_64) AppleWebKit/537.36 (KHTML, like Gecko) Chrome/52.0.2743.116 Safari/537.36"
62.235.235.75 - root [23/Aug/2016:09:56:45 +0000] "GET /images/modules/bind8/ncheck.gif HTTP/1.1" 200 6476 "http://webmin.wt5mc.ephec-ti.be/bind8/" "Mozilla/5.0 (X11; Fedora; Linux x86_64) AppleWebKit/537.36 (KHTML, like Gecko) Chrome/52.0.2743.116 Safari/537.36"
66.249.81.149 - - [23/Aug/2016:09:57:45 +0000] "GET / HTTP/1.1" 401 174 "-" "Mozilla/5.0 (Linux; Android 5.0.1; GT-I9505 Build/LRX22C) AppleWebKit/537.36 (KHTML, like Gecko) Chrome/52.0.2743.98 Mobile Safari/537.36"
66.249.81.145 - root [23/Aug/2016:09:57:58 +0000] "GET / HTTP/1.1" 200 14846 "-" "Mozilla/5.0 (Linux; Android 5.0.1; GT-I9505 Build/LRX22C) AppleWebKit/537.36 (KHTML, like Gecko) Chrome/52.0.2743.98 Mobile Safari/537.36"
66.249.81.145 - root [23/Aug/2016:09:57:58 +0000] "GET /unauthenticated/js/init.min.js?1772 HTTP/1.1" 200 30369 "http://webmin.wt5mc.ephec-ti.be/" "Mozilla/5.0 (Linux; Android 5.0.1; GT-I9505 Build/LRX22C) AppleWebKit/537.36 (KHTML, like Gecko) Chrome/52.0.2743.98 Mobile Safari/537.36"
66.249.81.153 - root [23/Aug/2016:09:57:59 +0000] "GET /unauthenticated/js/authentic.min.js?1772 HTTP/1.1" 200 314430 "http://webmin.wt5mc.ephec-ti.be/" "Mozilla/5.0 (Linux; Android 5.0.1; GT-I9505 Build/LRX22C) AppleWebKit/537.36 (KHTML, like Gecko) Chrome/52.0.2743.98 Mobile Safari/537.36"
66.249.81.149 - root [23/Aug/2016:09:57:59 +0000] "GET /unauthenticated/css/package.min.css?1772 HTTP/1.1" 200 510601 "http://webmin.wt5mc.ephec-ti.be/" "Mozilla/5.0 (Linux; Android 5.0.1; GT-I9505 Build/LRX22C) AppleWebKit/537.36 (KHTML, like Gecko) Chrome/52.0.2743.98 Mobile Safari/537.36"
66.249.81.153 - root [23/Aug/2016:09:58:00 +0000] "GET /unauthenticated/js/package.min.js?1772 HTTP/1.1" 200 989471 "http://webmin.wt5mc.ephec-ti.be/" "Mozilla/5.0 (Linux; Android 5.0.1; GT-I9505 Build/LRX22C) AppleWebKit/537.36 (KHTML, like Gecko) Chrome/52.0.2743.98 Mobile Safari/537.36"
66.249.81.149 - root [23/Aug/2016:09:58:03 +0000] "GET /unauthenticated/fonts/fontawesome-webfont.woff2?v=4.4.0 HTTP/1.1" 200 64464 "http://webmin.wt5mc.ephec-ti.be/unauthenticated/css/package.min.css?1772" "Mozilla/5.0 (Linux; Android 5.0.1; GT-I9505 Build/LRX22C) AppleWebKit/537.36 (KHTML, like Gecko) Chrome/52.0.2743.98 Mobile Safari/537.36"
66.249.81.153 - root [23/Aug/2016:09:58:03 +0000] "GET /unauthenticated/fonts/roboto/El-bgsteBznJNL5pgUfFLA.woff2 HTTP/1.1" 200 63104 "http://webmin.wt5mc.ephec-ti.be/unauthenticated/css/package.min.css?1772" "Mozilla/5.0 (Linux; Android 5.0.1; GT-I9505 Build/LRX22C) AppleWebKit/537.36 (KHTML, like Gecko) Chrome/52.0.2743.98 Mobile Safari/537.36"
